Archive member included to satisfy reference by file (symbol)

C:/Users/c0519808/STM32CubeIDE_1.19.0/STM32CubeIDE/plugins/com.st.stm32cube.ide.mcu.externaltools.gnu-tools-for-stm32.13.3.rel1.win32_1.0.0.202411081344/tools/bin/../lib/gcc/arm-none-eabi/13.3.1/../../../../arm-none-eabi/lib/thumb/v7e-m+fp/hard\libc_nano.a(libc_a-exit.o)
                              C:/Users/c0519808/STM32CubeIDE_1.19.0/STM32CubeIDE/plugins/com.st.stm32cube.ide.mcu.externaltools.gnu-tools-for-stm32.13.3.rel1.win32_1.0.0.202411081344/tools/bin/../lib/gcc/arm-none-eabi/13.3.1/../../../../arm-none-eabi/lib/thumb/v7e-m+fp/hard/crt0.o (exit)
C:/Users/c0519808/STM32CubeIDE_1.19.0/STM32CubeIDE/plugins/com.st.stm32cube.ide.mcu.externaltools.gnu-tools-for-stm32.13.3.rel1.win32_1.0.0.202411081344/tools/bin/../lib/gcc/arm-none-eabi/13.3.1/../../../../arm-none-eabi/lib/thumb/v7e-m+fp/hard\libc_nano.a(libc_a-findfp.o)
                              C:/Users/c0519808/STM32CubeIDE_1.19.0/STM32CubeIDE/plugins/com.st.stm32cube.ide.mcu.externaltools.gnu-tools-for-stm32.13.3.rel1.win32_1.0.0.202411081344/tools/bin/../lib/gcc/arm-none-eabi/13.3.1/../../../../arm-none-eabi/lib/thumb/v7e-m+fp/hard\libc_nano.a(libc_a-exit.o) (__stdio_exit_handler)
C:/Users/c0519808/STM32CubeIDE_1.19.0/STM32CubeIDE/plugins/com.st.stm32cube.ide.mcu.externaltools.gnu-tools-for-stm32.13.3.rel1.win32_1.0.0.202411081344/tools/bin/../lib/gcc/arm-none-eabi/13.3.1/../../../../arm-none-eabi/lib/thumb/v7e-m+fp/hard\libc_nano.a(libc_a-fwalk.o)
                              C:/Users/c0519808/STM32CubeIDE_1.19.0/STM32CubeIDE/plugins/com.st.stm32cube.ide.mcu.externaltools.gnu-tools-for-stm32.13.3.rel1.win32_1.0.0.202411081344/tools/bin/../lib/gcc/arm-none-eabi/13.3.1/../../../../arm-none-eabi/lib/thumb/v7e-m+fp/hard\libc_nano.a(libc_a-findfp.o) (_fwalk_sglue)
C:/Users/c0519808/STM32CubeIDE_1.19.0/STM32CubeIDE/plugins/com.st.stm32cube.ide.mcu.externaltools.gnu-tools-for-stm32.13.3.rel1.win32_1.0.0.202411081344/tools/bin/../lib/gcc/arm-none-eabi/13.3.1/../../../../arm-none-eabi/lib/thumb/v7e-m+fp/hard\libc_nano.a(libc_a-stdio.o)
                              C:/Users/c0519808/STM32CubeIDE_1.19.0/STM32CubeIDE/plugins/com.st.stm32cube.ide.mcu.externaltools.gnu-tools-for-stm32.13.3.rel1.win32_1.0.0.202411081344/tools/bin/../lib/gcc/arm-none-eabi/13.3.1/../../../../arm-none-eabi/lib/thumb/v7e-m+fp/hard\libc_nano.a(libc_a-findfp.o) (__sread)
C:/Users/c0519808/STM32CubeIDE_1.19.0/STM32CubeIDE/plugins/com.st.stm32cube.ide.mcu.externaltools.gnu-tools-for-stm32.13.3.rel1.win32_1.0.0.202411081344/tools/bin/../lib/gcc/arm-none-eabi/13.3.1/../../../../arm-none-eabi/lib/thumb/v7e-m+fp/hard\libc_nano.a(libc_a-memset.o)
                              C:/Users/c0519808/STM32CubeIDE_1.19.0/STM32CubeIDE/plugins/com.st.stm32cube.ide.mcu.externaltools.gnu-tools-for-stm32.13.3.rel1.win32_1.0.0.202411081344/tools/bin/../lib/gcc/arm-none-eabi/13.3.1/../../../../arm-none-eabi/lib/thumb/v7e-m+fp/hard/crt0.o (memset)
C:/Users/c0519808/STM32CubeIDE_1.19.0/STM32CubeIDE/plugins/com.st.stm32cube.ide.mcu.externaltools.gnu-tools-for-stm32.13.3.rel1.win32_1.0.0.202411081344/tools/bin/../lib/gcc/arm-none-eabi/13.3.1/../../../../arm-none-eabi/lib/thumb/v7e-m+fp/hard\libc_nano.a(libc_a-closer.o)
                              C:/Users/c0519808/STM32CubeIDE_1.19.0/STM32CubeIDE/plugins/com.st.stm32cube.ide.mcu.externaltools.gnu-tools-for-stm32.13.3.rel1.win32_1.0.0.202411081344/tools/bin/../lib/gcc/arm-none-eabi/13.3.1/../../../../arm-none-eabi/lib/thumb/v7e-m+fp/hard\libc_nano.a(libc_a-stdio.o) (_close_r)
C:/Users/c0519808/STM32CubeIDE_1.19.0/STM32CubeIDE/plugins/com.st.stm32cube.ide.mcu.externaltools.gnu-tools-for-stm32.13.3.rel1.win32_1.0.0.202411081344/tools/bin/../lib/gcc/arm-none-eabi/13.3.1/../../../../arm-none-eabi/lib/thumb/v7e-m+fp/hard\libc_nano.a(libc_a-reent.o)
                              C:/Users/c0519808/STM32CubeIDE_1.19.0/STM32CubeIDE/plugins/com.st.stm32cube.ide.mcu.externaltools.gnu-tools-for-stm32.13.3.rel1.win32_1.0.0.202411081344/tools/bin/../lib/gcc/arm-none-eabi/13.3.1/../../../../arm-none-eabi/lib/thumb/v7e-m+fp/hard\libc_nano.a(libc_a-closer.o) (errno)
C:/Users/c0519808/STM32CubeIDE_1.19.0/STM32CubeIDE/plugins/com.st.stm32cube.ide.mcu.externaltools.gnu-tools-for-stm32.13.3.rel1.win32_1.0.0.202411081344/tools/bin/../lib/gcc/arm-none-eabi/13.3.1/../../../../arm-none-eabi/lib/thumb/v7e-m+fp/hard\libc_nano.a(libc_a-impure.o)
                              C:/Users/c0519808/STM32CubeIDE_1.19.0/STM32CubeIDE/plugins/com.st.stm32cube.ide.mcu.externaltools.gnu-tools-for-stm32.13.3.rel1.win32_1.0.0.202411081344/tools/bin/../lib/gcc/arm-none-eabi/13.3.1/../../../../arm-none-eabi/lib/thumb/v7e-m+fp/hard\libc_nano.a(libc_a-reent.o) (_impure_ptr)
[...]
Memory Configuration

Name             Origin             Length             Attributes
RAM              0x20000000         0x00020000         xrw
FLASH            0x08000000         0x00080000         xr
*default*        0x00000000         0xffffffff

Linker script and memory map

LOAD C:/Users/c0519808/STM32CubeIDE_1.19.0/STM32CubeIDE/plugins/com.st.stm32cube.ide.mcu.externaltools.gnu-tools-for-stm32.13.3.rel1.win32_1.0.0.202411081344/tools/bin/../lib/gcc/arm-none-eabi/13.3.1/thumb/v7e-m+fp/hard/crti.o
LOAD C:/Users/c0519808/STM32CubeIDE_1.19.0/STM32CubeIDE/plugins/com.st.stm32cube.ide.mcu.externaltools.gnu-tools-for-stm32.13.3.rel1.win32_1.0.0.202411081344/tools/bin/../lib/gcc/arm-none-eabi/13.3.1/thumb/v7e-m+fp/hard/crtbegin.o
LOAD C:/Users/c0519808/STM32CubeIDE_1.19.0/STM32CubeIDE/plugins/com.st.stm32cube.ide.mcu.externaltools.gnu-tools-for-stm32.13.3.rel1.win32_1.0.0.202411081344/tools/bin/../lib/gcc/arm-none-eabi/13.3.1/../../../../arm-none-eabi/lib/thumb/v7e-m+fp/hard/crt0.o
LOAD ./Core/Src/RDB_Depth_Digits36x58.o
LOAD ./Core/Src/RDB_Functions.o
LOAD ./Core/Src/ST7565.o
LOAD ./Core/Src/glcdfont.o
LOAD ./Core/Src/main.o
LOAD ./Core/Src/stm32f4xx_hal_msp.o
LOAD ./Core/Src/stm32f4xx_it.o
LOAD ./Core/Src/syscalls.o
LOAD ./Core/Src/sysmem.o
LOAD ./Core/Src/system_stm32f4xx.o
LOAD ./Core/Startup/startup_stm32f446retx.o
LOAD ./Drivers/STM32F4xx_HAL_Driver/Src/stm32f4xx_hal.o
LOAD ./Drivers/STM32F4xx_HAL_Driver/Src/stm32f4xx_hal_cortex.o
LOAD ./Drivers/STM32F4xx_HAL_Driver/Src/stm32f4xx_hal_dma.o
LOAD ./Drivers/STM32F4xx_HAL_Driver/Src/stm32f4xx_hal_dma_ex.o
LOAD ./Drivers/STM32F4xx_HAL_Driver/Src/stm32f4xx_hal_exti.o
LOAD ./Drivers/STM32F4xx_HAL_Driver/Src/stm32f4xx_hal_flash.o
LOAD ./Drivers/STM32F4xx_HAL_Driver/Src/stm32f4xx_hal_flash_ex.o
LOAD ./Drivers/STM32F4xx_HAL_Driver/Src/stm32f4xx_hal_flash_ramfunc.o
LOAD ./Drivers/STM32F4xx_HAL_Driver/Src/stm32f4xx_hal_gpio.o
LOAD ./Drivers/STM32F4xx_HAL_Driver/Src/stm32f4xx_hal_pwr.o
LOAD ./Drivers/STM32F4xx_HAL_Driver/Src/stm32f4xx_hal_pwr_ex.o
LOAD ./Drivers/STM32F4xx_HAL_Driver/Src/stm32f4xx_hal_rcc.o
LOAD ./Drivers/STM32F4xx_HAL_Driver/Src/stm32f4xx_hal_rcc_ex.o
LOAD ./Drivers/STM32F4xx_HAL_Driver/Src/stm32f4xx_hal_spi.o
START GROUP
LOAD C:/Users/c0519808/STM32CubeIDE_1.19.0/STM32CubeIDE/plugins/com.st.stm32cube.ide.mcu.externaltools.gnu-tools-for-stm32.13.3.rel1.win32_1.0.0.202411081344/tools/bin/../lib/gcc/arm-none-eabi/13.3.1/../../../../arm-none-eabi/lib/thumb/v7e-m+fp/hard\libc_nano.a
LOAD C:/Users/c0519808/STM32CubeIDE_1.19.0/STM32CubeIDE/plugins/com.st.stm32cube.ide.mcu.externaltools.gnu-tools-for-stm32.13.3.rel1.win32_1.0.0.202411081344/tools/bin/../lib/gcc/arm-none-eabi/13.3.1/../../../../arm-none-eabi/lib/thumb/v7e-m+fp/hard\libm.a
END GROUP
START GROUP
LOAD C:/Users/c0519808/STM32CubeIDE_1.19.0/STM32CubeIDE/plugins/com.st.stm32cube.ide.mcu.externaltools.gnu-tools-for-stm32.13.3.rel1.win32_1.0.0.202411081344/tools/bin/../lib/gcc/arm-none-eabi/13.3.1/thumb/v7e-m+fp/hard\libgcc.a
LOAD C:/Users/c0519808/STM32CubeIDE_1.19.0/STM32CubeIDE/plugins/com.st.stm32cube.ide.mcu.externaltools.gnu-tools-for-stm32.13.3.rel1.win32_1.0.0.202411081344/tools/bin/../lib/gcc/arm-none-eabi/13.3.1/../../../../arm-none-eabi/lib/thumb/v7e-m+fp/hard\libc_nano.a
END GROUP
START GROUP
LOAD C:/Users/c0519808/STM32CubeIDE_1.19.0/STM32CubeIDE/plugins/com.st.stm32cube.ide.mcu.externaltools.gnu-tools-for-stm32.13.3.rel1.win32_1.0.0.202411081344/tools/bin/../lib/gcc/arm-none-eabi/13.3.1/thumb/v7e-m+fp/hard\libgcc.a
LOAD C:/Users/c0519808/STM32CubeIDE_1.19.0/STM32CubeIDE/plugins/com.st.stm32cube.ide.mcu.externaltools.gnu-tools-for-stm32.13.3.rel1.win32_1.0.0.202411081344/tools/bin/../lib/gcc/arm-none-eabi/13.3.1/../../../../arm-none-eabi/lib/thumb/v7e-m+fp/hard\libc_nano.a
LOAD C:/Users/c0519808/STM32CubeIDE_1.19.0/STM32CubeIDE/plugins/com.st.stm32cube.ide.mcu.externaltools.gnu-tools-for-stm32.13.3.rel1.win32_1.0.0.202411081344/tools/bin/../lib/gcc/arm-none-eabi/13.3.1/../../../../arm-none-eabi/lib/thumb/v7e-m+fp/hard\libnosys.a
END GROUP
START GROUP
LOAD C:/Users/c0519808/STM32CubeIDE_1.19.0/STM32CubeIDE/plugins/com.st.stm32cube.ide.mcu.externaltools.gnu-tools-for-stm32.13.3.rel1.win32_1.0.0.202411081344/tools/bin/../lib/gcc/arm-none-eabi/13.3.1/thumb/v7e-m+fp/hard\libgcc.a
LOAD C:/Users/c0519808/STM32CubeIDE_1.19.0/STM32CubeIDE/plugins/com.st.stm32cube.ide.mcu.externaltools.gnu-tools-for-stm32.13.3.rel1.win32_1.0.0.202411081344/tools/bin/../lib/gcc/arm-none-eabi/13.3.1/../../../../arm-none-eabi/lib/thumb/v7e-m+fp/hard\libc_nano.a
LOAD C:/Users/c0519808/STM32CubeIDE_1.19.0/STM32CubeIDE/plugins/com.st.stm32cube.ide.mcu.externaltools.gnu-tools-for-stm32.13.3.rel1.win32_1.0.0.202411081344/tools/bin/../lib/gcc/arm-none-eabi/13.3.1/../../../../arm-none-eabi/lib/thumb/v7e-m+fp/hard\libnosys.a
END GROUP
LOAD C:/Users/c0519808/STM32CubeIDE_1.19.0/STM32CubeIDE/plugins/com.st.stm32cube.ide.mcu.externaltools.gnu-tools-for-stm32.13.3.rel1.win32_1.0.0.202411081344/tools/bin/../lib/gcc/arm-none-eabi/13.3.1/thumb/v7e-m+fp/hard/crtend.o
LOAD C:/Users/c0519808/STM32CubeIDE_1.19.0/STM32CubeIDE/plugins/com.st.stm32cube.ide.mcu.externaltools.gnu-tools-for-stm32.13.3.rel1.win32_1.0.0.202411081344/tools/bin/../lib/gcc/arm-none-eabi/13.3.1/thumb/v7e-m+fp/hard/crtn.o
                0x20020000                        _estack = (ORIGIN (RAM) + LENGTH (RAM))
                0x00000200                        _Min_Heap_Size = 0x200
                0x00000400                        _Min_Stack_Size = 0x400

.isr_vector     0x08000000      0x1c4
                0x08000000                        . = ALIGN (0x4)
 *(.isr_vector)
 .isr_vector    0x08000000      0x1c4 ./Core/Startup/startup_stm32f446retx.o
                0x08000000                g_pfnVectors
                0x080001c4                        . = ALIGN (0x4)

.text           0x080001c4     0x2704
                0x080001c4                        . = ALIGN (0x4)
 *(.text)
 .text          0x080001c4       0x40 C:/Users/c0519808/STM32CubeIDE_1.19.0/STM32CubeIDE/plugins/com.st.stm32cube.ide.mcu.externaltools.gnu-tools-for-stm32.13.3.rel1.win32_1.0.0.202411081344/tools/bin/../lib/gcc/arm-none-eabi/13.3.1/thumb/v7e-m+fp/hard/crtbegin.o
 .text          0x08000204       0x30 C:/Users/c0519808/STM32CubeIDE_1.19.0/STM32CubeIDE/plugins/com.st.stm32cube.ide.mcu.externaltools.gnu-tools-for-stm32.13.3.rel1.win32_1.0.0.202411081344/tools/bin/../lib/gcc/arm-none-eabi/13.3.1/thumb/v7e-m+fp/hard\libgcc.a(_aeabi_uldivmod.o)
                0x08000204                __aeabi_uldivmod
 .text          0x08000234      0x2f8 C:/Users/c0519808/STM32CubeIDE_1.19.0/STM32CubeIDE/plugins/com.st.stm32cube.ide.mcu.externaltools.gnu-tools-for-stm32.13.3.rel1.win32_1.0.0.202411081344/tools/bin/../lib/gcc/arm-none-eabi/13.3.1/thumb/v7e-m+fp/hard\libgcc.a(_udivmoddi4.o)
                0x08000234                __udivmoddi4
 .text          0x0800052c        0x4 C:/Users/c0519808/STM32CubeIDE_1.19.0/STM32CubeIDE/plugins/com.st.stm32cube.ide.mcu.externaltools.gnu-tools-for-stm32.13.3.rel1.win32_1.0.0.202411081344/tools/bin/../lib/gcc/arm-none-eabi/13.3.1/thumb/v7e-m+fp/hard\libgcc.a(_dvmd_tls.o)
                0x0800052c                __aeabi_idiv0
                0x0800052c                __aeabi_ldiv0
 *(.text*)
 .text.countTestRDBlcd
                0x08000530       0xb8 ./Core/Src/RDB_Functions.o
                0x08000530                countTestRDBlcd
 .text.ST7565_updateBoundingBox
                0x080005e8       0x78 ./Core/Src/ST7565.o
 .text.ST7565_drawbitmapNew
                0x08000660       0xac ./Core/Src/ST7565.o
                0x08000660                ST7565_drawbitmapNew
 .text.ST7565_fillrect
                0x0800070c       0x7e ./Core/Src/ST7565.o
                0x0800070c                ST7565_fillrect
 *fill*         0x0800078a        0x2 
 .text.updateDisplay
                0x0800078c       0x80 ./Core/Src/ST7565.o
                0x0800078c                updateDisplay
 .text.ST7565_setpixel
                0x0800080c       0x84 ./Core/Src/ST7565.o
                0x0800080c                ST7565_setpixel
 .text.ST7565_init
                0x08000890       0xc8 ./Core/Src/ST7565.o
                0x08000890                ST7565_init
 .text.ST7565_command
                0x08000958       0x58 ./Core/Src/ST7565.o
                0x08000958                ST7565_command
 .text.ST7565_data
                0x080009b0       0x58 ./Core/Src/ST7565.o
                0x080009b0                ST7565_data
 .text.ST7565_set_brightness
                0x08000a08       0x26 ./Core/Src/ST7565.o
                0x08000a08                ST7565_set_brightness
 *fill*         0x08000a2e        0x2 
 .text.pin_config
                0x08000a30       0xbc ./Core/Src/ST7565.o
                0x08000a30                pin_config
 .text.main     0x08000aec       0x48 ./Core/Src/main.o
                0x08000aec                main
 .text.SystemClock_Config
                0x08000b34       0xdc ./Core/Src/main.o
                0x08000b34                SystemClock_Config
 .text.MX_SPI1_Init
                0x08000c10       0x6c ./Core/Src/main.o
 .text.MX_SPI3_Init
                0x08000c7c       0x70 ./Core/Src/main.o
 .text.MX_GPIO_Init
                0x08000cec      0x124 ./Core/Src/main.o
 .text.Error_Handler
                0x08000e10        0xc ./Core/Src/main.o
                0x08000e10                Error_Handler
 .text.HAL_MspInit
                0x08000e1c       0x50 ./Core/Src/stm32f4xx_hal_msp.o
                0x08000e1c                HAL_MspInit
 .text.HAL_SPI_MspInit
                0x08000e6c      0x13c ./Core/Src/stm32f4xx_hal_msp.o
                0x08000e6c                HAL_SPI_MspInit
 .text.NMI_Handler
                0x08000fa8        0x8 ./Core/Src/stm32f4xx_it.o
                0x08000fa8                NMI_Handler
 .text.HardFault_Handler
                0x08000fb0        0x8 ./Core/Src/stm32f4xx_it.o
                0x08000fb0                HardFault_Handler
 .text.MemManage_Handler
                0x08000fb8        0x8 ./Core/Src/stm32f4xx_it.o
                0x08000fb8                MemManage_Handler
 .text.BusFault_Handler
                0x08000fc0        0x8 ./Core/Src/stm32f4xx_it.o
                0x08000fc0                BusFault_Handler
 .text.UsageFault_Handler
                0x08000fc8        0x8 ./Core/Src/stm32f4xx_it.o
                0x08000fc8                UsageFault_Handler
 .text.SVC_Handler
                0x08000fd0        0xe ./Core/Src/stm32f4xx_it.o
                0x08000fd0                SVC_Handler
 .text.DebugMon_Handler
                0x08000fde        0xe ./Core/Src/stm32f4xx_it.o
                0x08000fde                DebugMon_Handler
 .text.PendSV_Handler
                0x08000fec        0xe ./Core/Src/stm32f4xx_it.o
                0x08000fec                PendSV_Handler
 .text.SysTick_Handler
                0x08000ffa        0xc ./Core/Src/stm32f4xx_it.o
                0x08000ffa                SysTick_Handler
 *fill*         0x08001006        0x2 
 .text.SystemInit
                0x08001008       0x24 ./Core/Src/system_stm32f4xx.o
                0x08001008                SystemInit
 .text.Reset_Handler
                0x0800102c       0x50 ./Core/Startup/startup_stm32f446retx.o
                0x0800102c                Reset_Handler
 .text.Default_Handler
                0x0800107c        0x2 ./Core/Startup/startup_stm32f446retx.o
                0x0800107c                RTC_Alarm_IRQHandler
                0x0800107c                EXTI2_IRQHandler
                0x0800107c                TIM8_CC_IRQHandler
                0x0800107c                FMPI2C1_EV_IRQHandler
                0x0800107c                SPI4_IRQHandler
                0x0800107c                TIM1_CC_IRQHandler
                0x0800107c                DMA2_Stream5_IRQHandler
                0x0800107c                DMA1_Stream5_IRQHandler
                0x0800107c                PVD_IRQHandler
                0x0800107c                SDIO_IRQHandler
                0x0800107c                TAMP_STAMP_IRQHandler
                0x0800107c                CAN2_RX1_IRQHandler
                0x0800107c                EXTI3_IRQHandler
                0x0800107c                TIM8_TRG_COM_TIM14_IRQHandler
                0x0800107c                TIM1_UP_TIM10_IRQHandler
                0x0800107c                TIM8_UP_TIM13_IRQHandler
                0x0800107c                I2C3_ER_IRQHandler
                0x0800107c                EXTI0_IRQHandler
                0x0800107c                I2C2_EV_IRQHandler
                0x0800107c                DMA1_Stream2_IRQHandler
                0x0800107c                CAN1_RX0_IRQHandler
                0x0800107c                FPU_IRQHandler
                0x0800107c                OTG_HS_WKUP_IRQHandler
                0x0800107c                CAN2_SCE_IRQHandler
                0x0800107c                DMA2_Stream2_IRQHandler
                0x0800107c                SPI1_IRQHandler
                0x0800107c                TIM6_DAC_IRQHandler
                0x0800107c                TIM1_BRK_TIM9_IRQHandler
                0x0800107c                DCMI_IRQHandler
                0x0800107c                CAN2_RX0_IRQHandler
                0x0800107c                DMA2_Stream3_IRQHandler
                0x0800107c                SAI2_IRQHandler
                0x0800107c                USART6_IRQHandler
                0x0800107c                USART3_IRQHandler
                0x0800107c                CAN1_RX1_IRQHandler
                0x0800107c                UART5_IRQHandler
                0x0800107c                DMA2_Stream0_IRQHandler
                0x0800107c                TIM4_IRQHandler
                0x0800107c                QUADSPI_IRQHandler
                0x0800107c                I2C1_EV_IRQHandler
                0x0800107c                DMA1_Stream6_IRQHandler
                0x0800107c                DMA1_Stream1_IRQHandler
                0x0800107c                UART4_IRQHandler
                0x0800107c                TIM3_IRQHandler
                0x0800107c                RCC_IRQHandler
                0x0800107c                TIM8_BRK_TIM12_IRQHandler
                0x0800107c                Default_Handler
                0x0800107c                CEC_IRQHandler
                0x0800107c                EXTI15_10_IRQHandler
                0x0800107c                ADC_IRQHandler
                0x0800107c                DMA1_Stream7_IRQHandler
                0x0800107c                TIM7_IRQHandler
                0x0800107c                CAN2_TX_IRQHandler
                0x0800107c                TIM5_IRQHandler
                0x0800107c                DMA2_Stream7_IRQHandler
                0x0800107c                I2C3_EV_IRQHandler
                0x0800107c                EXTI9_5_IRQHandler
                0x0800107c                RTC_WKUP_IRQHandler
                0x0800107c                SPDIF_RX_IRQHandler
                0x0800107c                SPI2_IRQHandler
                0x0800107c                OTG_HS_EP1_IN_IRQHandler
                0x0800107c                DMA1_Stream0_IRQHandler
                0x0800107c                CAN1_TX_IRQHandler
                0x0800107c                FMPI2C1_ER_IRQHandler
                0x0800107c                EXTI4_IRQHandler
                0x0800107c                OTG_HS_EP1_OUT_IRQHandler
                0x0800107c                WWDG_IRQHandler
                0x0800107c                TIM2_IRQHandler
                0x0800107c                OTG_FS_WKUP_IRQHandler
                0x0800107c                TIM1_TRG_COM_TIM11_IRQHandler
                0x0800107c                OTG_HS_IRQHandler
                0x0800107c                EXTI1_IRQHandler
                0x0800107c                USART2_IRQHandler
                0x0800107c                I2C2_ER_IRQHandler
                0x0800107c                DMA2_Stream1_IRQHandler
                0x0800107c                CAN1_SCE_IRQHandler
                0x0800107c                FLASH_IRQHandler
                0x0800107c                DMA2_Stream4_IRQHandler
                0x0800107c                USART1_IRQHandler
                0x0800107c                OTG_FS_IRQHandler
                0x0800107c                SPI3_IRQHandler
                0x0800107c                DMA1_Stream4_IRQHandler
                0x0800107c                I2C1_ER_IRQHandler
                0x0800107c                FMC_IRQHandler
                0x0800107c                DMA2_Stream6_IRQHandler
                0x0800107c                SAI1_IRQHandler
                0x0800107c                DMA1_Stream3_IRQHandler
 *fill*         0x0800107e        0x2 
 .text.HAL_Init
                0x08001080       0x44 ./Drivers/STM32F4xx_HAL_Driver/Src/stm32f4xx_hal.o
                0x08001080                HAL_Init
 .text.HAL_InitTick
                0x080010c4       0x60 ./Drivers/STM32F4xx_HAL_Driver/Src/stm32f4xx_hal.o
                0x080010c4                HAL_InitTick
 .text.HAL_IncTick
                0x08001124       0x28 ./Drivers/STM32F4xx_HAL_Driver/Src/stm32f4xx_hal.o
                0x08001124                HAL_IncTick
 .text.HAL_GetTick
                0x0800114c       0x18 ./Drivers/STM32F4xx_HAL_Driver/Src/stm32f4xx_hal.o
                0x0800114c                HAL_GetTick
 .text.HAL_Delay
                0x08001164       0x48 ./Drivers/STM32F4xx_HAL_Driver/Src/stm32f4xx_hal.o
                0x08001164                HAL_Delay
 .text.__NVIC_SetPriorityGrouping
                0x080011ac       0x48 ./Drivers/STM32F4xx_HAL_Driver/Src/stm32f4xx_hal_cortex.o
 .text.__NVIC_GetPriorityGrouping
                0x080011f4       0x1c ./Drivers/STM32F4xx_HAL_Driver/Src/stm32f4xx_hal_cortex.o
 .text.__NVIC_SetPriority
                0x08001210       0x54 ./Drivers/STM32F4xx_HAL_Driver/Src/stm32f4xx_hal_cortex.o
 .text.NVIC_EncodePriority
                0x08001264       0x66 ./Drivers/STM32F4xx_HAL_Driver/Src/stm32f4xx_hal_cortex.o
 *fill*         0x080012ca        0x2 
 .text.SysTick_Config
                0x080012cc       0x44 ./Drivers/STM32F4xx_HAL_Driver/Src/stm32f4xx_hal_cortex.o
 .text.HAL_NVIC_SetPriorityGrouping
                0x08001310       0x16 ./Drivers/STM32F4xx_HAL_Driver/Src/stm32f4xx_hal_cortex.o
                0x08001310                HAL_NVIC_SetPriorityGrouping
 .text.HAL_NVIC_SetPriority
                0x08001326       0x38 ./Drivers/STM32F4xx_HAL_Driver/Src/stm32f4xx_hal_cortex.o
                0x08001326                HAL_NVIC_SetPriority
 .text.HAL_SYSTICK_Config
                0x0800135e       0x18 ./Drivers/STM32F4xx_HAL_Driver/Src/stm32f4xx_hal_cortex.o
                0x0800135e                HAL_SYSTICK_Config
 *fill*         0x08001376        0x2 
 .text.HAL_GPIO_Init
                0x08001378      0x328 ./Drivers/STM32F4xx_HAL_Driver/Src/stm32f4xx_hal_gpio.o
                0x08001378                HAL_GPIO_Init
 .text.HAL_GPIO_WritePin
                0x080016a0       0x32 ./Drivers/STM32F4xx_HAL_Driver/Src/stm32f4xx_hal_gpio.o
                0x080016a0                HAL_GPIO_WritePin
 *fill*         0x080016d2        0x2 
 .text.HAL_RCC_ClockConfig
                0x080016d4      0x1cc ./Drivers/STM32F4xx_HAL_Driver/Src/stm32f4xx_hal_rcc.o
                0x080016d4                HAL_RCC_ClockConfig
 .text.HAL_RCC_GetSysClockFreq
                0x080018a0      0x460 ./Drivers/STM32F4xx_HAL_Driver/Src/stm32f4xx_hal_rcc_ex.o
                0x080018a0                HAL_RCC_GetSysClockFreq
 .text.HAL_RCC_OscConfig
                0x08001d00      0x53c ./Drivers/STM32F4xx_HAL_Driver/Src/stm32f4xx_hal_rcc_ex.o
                0x08001d00                HAL_RCC_OscConfig
 .text.HAL_SPI_Init
                0x0800223c      0x112 ./Drivers/STM32F4xx_HAL_Driver/Src/stm32f4xx_hal_spi.o
                0x0800223c                HAL_SPI_Init
 .text.HAL_SPI_TransmitReceive
                0x0800234e      0x352 ./Drivers/STM32F4xx_HAL_Driver/Src/stm32f4xx_hal_spi.o
                0x0800234e                HAL_SPI_TransmitReceive
 .text.SPI_WaitFlagStateUntilTimeout
                0x080026a0      0x110 ./Drivers/STM32F4xx_HAL_Driver/Src/stm32f4xx_hal_spi.o
 .text.SPI_EndRxTxTransaction
                0x080027b0       0xa8 ./Drivers/STM32F4xx_HAL_Driver/Src/stm32f4xx_hal_spi.o
 .text.memset   0x08002858       0x10 C:/Users/c0519808/STM32CubeIDE_1.19.0/STM32CubeIDE/plugins/com.st.stm32cube.ide.mcu.externaltools.gnu-tools-for-stm32.13.3.rel1.win32_1.0.0.202411081344/tools/bin/../lib/gcc/arm-none-eabi/13.3.1/../../../../arm-none-eabi/lib/thumb/v7e-m+fp/hard\libc_nano.a(libc_a-memset.o)
                0x08002858                memset
 .text.__libc_init_array
                0x08002868       0x48 C:/Users/c0519808/STM32CubeIDE_1.19.0/STM32CubeIDE/plugins/com.st.stm32cube.ide.mcu.externaltools.gnu-tools-for-stm32.13.3.rel1.win32_1.0.0.202411081344/tools/bin/../lib/gcc/arm-none-eabi/13.3.1/../../../../arm-none-eabi/lib/thumb/v7e-m+fp/hard\libc_nano.a(libc_a-init.o)
                0x08002868                __libc_init_array
 *(.glue_7)
 .glue_7        0x080028b0        0x0 linker stubs
 *(.glue_7t)
 .glue_7t       0x080028b0        0x0 linker stubs
 *(.eh_frame)
 .eh_frame      0x080028b0        0x0 C:/Users/c0519808/STM32CubeIDE_1.19.0/STM32CubeIDE/plugins/com.st.stm32cube.ide.mcu.externaltools.gnu-tools-for-stm32.13.3.rel1.win32_1.0.0.202411081344/tools/bin/../lib/gcc/arm-none-eabi/13.3.1/thumb/v7e-m+fp/hard/crtbegin.o
 *(.init)
 .init          0x080028b0        0x4 C:/Users/c0519808/STM32CubeIDE_1.19.0/STM32CubeIDE/plugins/com.st.stm32cube.ide.mcu.externaltools.gnu-tools-for-stm32.13.3.rel1.win32_1.0.0.202411081344/tools/bin/../lib/gcc/arm-none-eabi/13.3.1/thumb/v7e-m+fp/hard/crti.o
                0x080028b0                _init
 .init          0x080028b4        0x8 C:/Users/c0519808/STM32CubeIDE_1.19.0/STM32CubeIDE/plugins/com.st.stm32cube.ide.mcu.externaltools.gnu-tools-for-stm32.13.3.rel1.win32_1.0.0.202411081344/tools/bin/../lib/gcc/arm-none-eabi/13.3.1/thumb/v7e-m+fp/hard/crtn.o
 *(.fini)
 .fini          0x080028bc        0x4 C:/Users/c0519808/STM32CubeIDE_1.19.0/STM32CubeIDE/plugins/com.st.stm32cube.ide.mcu.externaltools.gnu-tools-for-stm32.13.3.rel1.win32_1.0.0.202411081344/tools/bin/../lib/gcc/arm-none-eabi/13.3.1/thumb/v7e-m+fp/hard/crti.o
                0x080028bc                _fini
 .fini          0x080028c0        0x8 C:/Users/c0519808/STM32CubeIDE_1.19.0/STM32CubeIDE/plugins/com.st.stm32cube.ide.mcu.externaltools.gnu-tools-for-stm32.13.3.rel1.win32_1.0.0.202411081344/tools/bin/../lib/gcc/arm-none-eabi/13.3.1/thumb/v7e-m+fp/hard/crtn.o
                0x080028c8                        . = ALIGN (0x4)
                0x080028c8                        _etext = .

.vfp11_veneer   0x080028c8        0x0
 .vfp11_veneer  0x080028c8        0x0 linker stubs

.v4_bx          0x080028c8        0x0
 .v4_bx         0x080028c8        0x0 linker stubs

.iplt           0x080028c8        0x0
 .iplt          0x080028c8        0x0 C:/Users/c0519808/STM32CubeIDE_1.19.0/STM32CubeIDE/plugins/com.st.stm32cube.ide.mcu.externaltools.gnu-tools-for-stm32.13.3.rel1.win32_1.0.0.202411081344/tools/bin/../lib/gcc/arm-none-eabi/13.3.1/thumb/v7e-m+fp/hard/crtbegin.o

.rodata         0x080028c8      0xb50
                0x080028c8                        . = ALIGN (0x4)
 *(.rodata)
 *(.rodata*)
 .rodata.BM0_36x58_block
                0x080028c8      0x120 ./Core/Src/RDB_Depth_Digits36x58.o
                0x080028c8                BM0_36x58_block
 .rodata.BM1_36x58_block
                0x080029e8      0x120 ./Core/Src/RDB_Depth_Digits36x58.o
                0x080029e8                BM1_36x58_block
 .rodata.BM2_36x58_block
                0x08002b08      0x120 ./Core/Src/RDB_Depth_Digits36x58.o
                0x08002b08                BM2_36x58_block
 .rodata.BM3_36x58_block
                0x08002c28      0x120 ./Core/Src/RDB_Depth_Digits36x58.o
                0x08002c28                BM3_36x58_block
 .rodata.BM4_36x58_block
                0x08002d48      0x120 ./Core/Src/RDB_Depth_Digits36x58.o
                0x08002d48                BM4_36x58_block
 .rodata.BM5_36x58_block
                0x08002e68      0x120 ./Core/Src/RDB_Depth_Digits36x58.o
                0x08002e68                BM5_36x58_block
 .rodata.BM6_36x58_block
                0x08002f88      0x120 ./Core/Src/RDB_Depth_Digits36x58.o
                0x08002f88                BM6_36x58_block
 .rodata.BM7_36x58_block
                0x080030a8      0x120 ./Core/Src/RDB_Depth_Digits36x58.o
                0x080030a8                BM7_36x58_block
 .rodata.BM8_36x58_block
                0x080031c8      0x120 ./Core/Src/RDB_Depth_Digits36x58.o
                0x080031c8                BM8_36x58_block
 .rodata.BM9_36x58_block
                0x080032e8      0x120 ./Core/Src/RDB_Depth_Digits36x58.o
                0x080032e8                BM9_36x58_block
 .rodata.AHBPrescTable
                0x08003408       0x10 ./Core/Src/system_stm32f4xx.o
                0x08003408                AHBPrescTable
                0x08003418                        . = ALIGN (0x4)

.ARM.extab      0x08003418        0x0
                0x08003418                        . = ALIGN (0x4)
 *(.ARM.extab* .gnu.linkonce.armextab.*)
                0x08003418                        . = ALIGN (0x4)

.ARM            0x08003418        0x8
                0x08003418                        . = ALIGN (0x4)
                0x08003418                        __exidx_start = .
 *(.ARM.exidx*)
 .ARM.exidx     0x08003418        0x8 C:/Users/c0519808/STM32CubeIDE_1.19.0/STM32CubeIDE/plugins/com.st.stm32cube.ide.mcu.externaltools.gnu-tools-for-stm32.13.3.rel1.win32_1.0.0.202411081344/tools/bin/../lib/gcc/arm-none-eabi/13.3.1/thumb/v7e-m+fp/hard\libgcc.a(_udivmoddi4.o)
                0x08003420                        __exidx_end = .
                0x08003420                        . = ALIGN (0x4)

.preinit_array  0x08003420        0x0
                0x08003420                        . = ALIGN (0x4)
                0x08003420                        PROVIDE (__preinit_array_start = .)
 *(.preinit_array*)
                0x08003420                        PROVIDE (__preinit_array_end = .)
                0x08003420                        . = ALIGN (0x4)

.init_array     0x08003420        0x4
                0x08003420                        . = ALIGN (0x4)
                0x08003420                        PROVIDE (__init_array_start = .)
 *(SORT_BY_NAME(.init_array.*))
 *(.init_array*)
 .init_array    0x08003420        0x4 C:/Users/c0519808/STM32CubeIDE_1.19.0/STM32CubeIDE/plugins/com.st.stm32cube.ide.mcu.externaltools.gnu-tools-for-stm32.13.3.rel1.win32_1.0.0.202411081344/tools/bin/../lib/gcc/arm-none-eabi/13.3.1/thumb/v7e-m+fp/hard/crtbegin.o
                0x08003424                        PROVIDE (__init_array_end = .)
                0x08003424                        . = ALIGN (0x4)

.fini_array     0x08003424        0x4
                0x08003424                        . = ALIGN (0x4)
                [!provide]                        PROVIDE (__fini_array_start = .)
 *(SORT_BY_NAME(.fini_array.*))
 *(.fini_array*)
 .fini_array    0x08003424        0x4 C:/Users/c0519808/STM32CubeIDE_1.19.0/STM32CubeIDE/plugins/com.st.stm32cube.ide.mcu.externaltools.gnu-tools-for-stm32.13.3.rel1.win32_1.0.0.202411081344/tools/bin/../lib/gcc/arm-none-eabi/13.3.1/thumb/v7e-m+fp/hard/crtbegin.o
                [!provide]                        PROVIDE (__fini_array_end = .)
                0x08003428                        . = ALIGN (0x4)
                0x08003428                        _sidata = LOADADDR (.data)

.rel.dyn        0x08003428        0x0
 .rel.iplt      0x08003428        0x0 C:/Users/c0519808/STM32CubeIDE_1.19.0/STM32CubeIDE/plugins/com.st.stm32cube.ide.mcu.externaltools.gnu-tools-for-stm32.13.3.rel1.win32_1.0.0.202411081344/tools/bin/../lib/gcc/arm-none-eabi/13.3.1/thumb/v7e-m+fp/hard/crtbegin.o

.data           0x20000000       0x34 load address 0x08003428
                0x20000000                        . = ALIGN (0x4)
                0x20000000                        _sdata = .
 *(.data)
 *(.data*)
 .data.depthDigitArray
                0x20000000       0x28 ./Core/Src/RDB_Functions.o
                0x20000000                depthDigitArray
 .data.SystemCoreClock
                0x20000028        0x4 ./Core/Src/system_stm32f4xx.o
                0x20000028                SystemCoreClock
 .data.uwTickPrio
                0x2000002c        0x4 ./Drivers/STM32F4xx_HAL_Driver/Src/stm32f4xx_hal.o
                0x2000002c                uwTickPrio
 .data.uwTickFreq
                0x20000030        0x1 ./Drivers/STM32F4xx_HAL_Driver/Src/stm32f4xx_hal.o
                0x20000030                uwTickFreq
 *(.RamFunc)
 *(.RamFunc*)
                0x20000034                        . = ALIGN (0x4)
 *fill*         0x20000031        0x3 
                0x20000034                        _edata = .

.igot.plt       0x20000034        0x0 load address 0x0800345c
 .igot.plt      0x20000034        0x0 C:/Users/c0519808/STM32CubeIDE_1.19.0/STM32CubeIDE/plugins/com.st.stm32cube.ide.mcu.externaltools.gnu-tools-for-stm32.13.3.rel1.win32_1.0.0.202411081344/tools/bin/../lib/gcc/arm-none-eabi/13.3.1/thumb/v7e-m+fp/hard/crtbegin.o
                0x20000034                        . = ALIGN (0x4)

.bss            0x20000034      0x4d8 load address 0x0800345c
                0x20000034                        _sbss = .
                0x20000034                        __bss_start__ = _sbss
 *(.bss)
 .bss           0x20000034       0x1c C:/Users/c0519808/STM32CubeIDE_1.19.0/STM32CubeIDE/plugins/com.st.stm32cube.ide.mcu.externaltools.gnu-tools-for-stm32.13.3.rel1.win32_1.0.0.202411081344/tools/bin/../lib/gcc/arm-none-eabi/13.3.1/thumb/v7e-m+fp/hard/crtbegin.o
 *(.bss*)
 .bss.number    0x20000050        0x4 ./Core/Src/RDB_Functions.o
                0x20000050                number
 .bss.st7565_buffer
                0x20000054      0x400 ./Core/Src/ST7565.o
                0x20000054                st7565_buffer
 .bss.xUpdateMin
                0x20000454        0x1 ./Core/Src/ST7565.o
 .bss.xUpdateMax
                0x20000455        0x1 ./Core/Src/ST7565.o
 .bss.yUpdateMin
                0x20000456        0x1 ./Core/Src/ST7565.o
 .bss.yUpdateMax
                0x20000457        0x1 ./Core/Src/ST7565.o
 .bss.hspi1     0x20000458       0x58 ./Core/Src/main.o
                0x20000458                hspi1
 .bss.hspi3     0x200004b0       0x58 ./Core/Src/main.o
                0x200004b0                hspi3
 .bss.uwTick    0x20000508        0x4 ./Drivers/STM32F4xx_HAL_Driver/Src/stm32f4xx_hal.o
                0x20000508                uwTick
 *(COMMON)
                0x2000050c                        . = ALIGN (0x4)
                0x2000050c                        _ebss = .
                0x2000050c                        __bss_end__ = _ebss

._user_heap_stack
                0x2000050c      0x604 load address 0x0800345c
                0x20000510                        . = ALIGN (0x8)
 *fill*         0x2000050c        0x4 
                [!provide]                        PROVIDE (end = .)
                0x20000510                        PROVIDE (_end = .)
                0x20000710                        . = (. + _Min_Heap_Size)
 *fill*         0x20000510      0x200 
                0x20000b10                        . = (. + _Min_Stack_Size)
 *fill*         0x20000710      0x400 
                0x20000b10                        . = ALIGN (0x8)

/DISCARD/
 libc.a(*)
 libm.a(*)
 libgcc.a(*)

.ARM.attributes
                0x00000000       0x30
 *(.ARM.attributes)
 .ARM.attributes
                0x00000000       0x22 C:/Users/c0519808/STM32CubeIDE_1.19.0/STM32CubeIDE/plugins/com.st.stm32cube.ide.mcu.externaltools.gnu-tools-for-stm32.13.3.rel1.win32_1.0.0.202411081344/tools/bin/../lib/gcc/arm-none-eabi/13.3.1/thumb/v7e-m+fp/hard/crti.o
 .ARM.attributes
                0x00000022       0x34 C:/Users/c0519808/STM32CubeIDE_1.19.0/STM32CubeIDE/plugins/com.st.stm32cube.ide.mcu.externaltools.gnu-tools-for-stm32.13.3.rel1.win32_1.0.0.202411081344/tools/bin/../lib/gcc/arm-none-eabi/13.3.1/thumb/v7e-m+fp/hard/crtbegin.o
 .ARM.attributes
                0x00000056       0x34 ./Core/Src/RDB_Depth_Digits36x58.o
 .ARM.attributes
                0x0000008a       0x34 ./Core/Src/RDB_Functions.o
 .ARM.attributes
                0x000000be       0x34 ./Core/Src/ST7565.o
 .ARM.attributes
                0x000000f2       0x34 ./Core/Src/main.o
 .ARM.attributes
                0x00000126       0x34 ./Core/Src/stm32f4xx_hal_msp.o
 .ARM.attributes
                0x0000015a       0x34 ./Core/Src/stm32f4xx_it.o
 .ARM.attributes
                0x0000018e       0x34 ./Core/Src/system_stm32f4xx.o
 .ARM.attributes
                0x000001c2       0x21 ./Core/Startup/startup_stm32f446retx.o
 .ARM.attributes
                0x000001e3       0x34 ./Drivers/STM32F4xx_HAL_Driver/Src/stm32f4xx_hal.o
 .ARM.attributes
                0x00000217       0x34 ./Drivers/STM32F4xx_HAL_Driver/Src/stm32f4xx_hal_cortex.o
 .ARM.attributes
                0x0000024b       0x34 ./Drivers/STM32F4xx_HAL_Driver/Src/stm32f4xx_hal_gpio.o
 .ARM.attributes
                0x0000027f       0x34 ./Drivers/STM32F4xx_HAL_Driver/Src/stm32f4xx_hal_rcc.o
 .ARM.attributes
                0x000002b3       0x34 ./Drivers/STM32F4xx_HAL_Driver/Src/stm32f4xx_hal_rcc_ex.o
 .ARM.attributes
                0x000002e7       0x34 ./Drivers/STM32F4xx_HAL_Driver/Src/stm32f4xx_hal_spi.o
 .ARM.attributes
                0x0000031b       0x34 C:/Users/c0519808/STM32CubeIDE_1.19.0/STM32CubeIDE/plugins/com.st.stm32cube.ide.mcu.externaltools.gnu-tools-for-stm32.13.3.rel1.win32_1.0.0.202411081344/tools/bin/../lib/gcc/arm-none-eabi/13.3.1/../../../../arm-none-eabi/lib/thumb/v7e-m+fp/hard\libc_nano.a(libc_a-memset.o)
 .ARM.attributes
                0x0000034f       0x34 C:/Users/c0519808/STM32CubeIDE_1.19.0/STM32CubeIDE/plugins/com.st.stm32cube.ide.mcu.externaltools.gnu-tools-for-stm32.13.3.rel1.win32_1.0.0.202411081344/tools/bin/../lib/gcc/arm-none-eabi/13.3.1/../../../../arm-none-eabi/lib/thumb/v7e-m+fp/hard\libc_nano.a(libc_a-init.o)
 .ARM.attributes
                0x00000383       0x22 C:/Users/c0519808/STM32CubeIDE_1.19.0/STM32CubeIDE/plugins/com.st.stm32cube.ide.mcu.externaltools.gnu-tools-for-stm32.13.3.rel1.win32_1.0.0.202411081344/tools/bin/../lib/gcc/arm-none-eabi/13.3.1/thumb/v7e-m+fp/hard\libgcc.a(_aeabi_uldivmod.o)
 .ARM.attributes
                0x000003a5       0x34 C:/Users/c0519808/STM32CubeIDE_1.19.0/STM32CubeIDE/plugins/com.st.stm32cube.ide.mcu.externaltools.gnu-tools-for-stm32.13.3.rel1.win32_1.0.0.202411081344/tools/bin/../lib/gcc/arm-none-eabi/13.3.1/thumb/v7e-m+fp/hard\libgcc.a(_udivmoddi4.o)
 .ARM.attributes
                0x000003d9       0x22 C:/Users/c0519808/STM32CubeIDE_1.19.0/STM32CubeIDE/plugins/com.st.stm32cube.ide.mcu.externaltools.gnu-tools-for-stm32.13.3.rel1.win32_1.0.0.202411081344/tools/bin/../lib/gcc/arm-none-eabi/13.3.1/thumb/v7e-m+fp/hard\libgcc.a(_dvmd_tls.o)
 .ARM.attributes
                0x000003fb       0x22 C:/Users/c0519808/STM32CubeIDE_1.19.0/STM32CubeIDE/plugins/com.st.stm32cube.ide.mcu.externaltools.gnu-tools-for-stm32.13.3.rel1.win32_1.0.0.202411081344/tools/bin/../lib/gcc/arm-none-eabi/13.3.1/thumb/v7e-m+fp/hard/crtn.o
OUTPUT(RDB_STP7565_LCD.elf elf32-littlearm)
LOAD linker stubs
LOAD C:/Users/c0519808/STM32CubeIDE_1.19.0/STM32CubeIDE/plugins/com.st.stm32cube.ide.mcu.externaltools.gnu-tools-for-stm32.13.3.rel1.win32_1.0.0.202411081344/tools/bin/../lib/gcc/arm-none-eabi/13.3.1/../../../../arm-none-eabi/lib/thumb/v7e-m+fp/hard\libc.a
LOAD C:/Users/c0519808/STM32CubeIDE_1.19.0/STM32CubeIDE/plugins/com.st.stm32cube.ide.mcu.externaltools.gnu-tools-for-stm32.13.3.rel1.win32_1.0.0.202411081344/tools/bin/../lib/gcc/arm-none-eabi/13.3.1/../../../../arm-none-eabi/lib/thumb/v7e-m+fp/hard\libm.a
LOAD C:/Users/c0519808/STM32CubeIDE_1.19.0/STM32CubeIDE/plugins/com.st.stm32cube.ide.mcu.externaltools.gnu-tools-for-stm32.13.3.rel1.win32_1.0.0.202411081344/tools/bin/../lib/gcc/arm-none-eabi/13.3.1/thumb/v7e-m+fp/hard\libgcc.a

.debug_info     0x00000000     0x77db
 .debug_info    0x00000000      0x18f ./Core/Src/RDB_Depth_Digits36x58.o
 .debug_info    0x0000018f      0x204 ./Core/Src/RDB_Functions.o
 .debug_info    0x00000393     0x111e ./Core/Src/ST7565.o
 .debug_info    0x000014b1      0xd1b ./Core/Src/main.o
 .debug_info    0x000021cc      0x9b0 ./Core/Src/stm32f4xx_hal_msp.o
 .debug_info    0x00002b7c      0x112 ./Core/Src/stm32f4xx_it.o
 .debug_info    0x00002c8e      0x54a ./Core/Src/system_stm32f4xx.o
 .debug_info    0x000031d8       0x30 ./Core/Startup/startup_stm32f446retx.o
 .debug_info    0x00003208      0x99a ./Drivers/STM32F4xx_HAL_Driver/Src/stm32f4xx_hal.o
 .debug_info    0x00003ba2      0xdaa ./Drivers/STM32F4xx_HAL_Driver/Src/stm32f4xx_hal_cortex.o
 .debug_info    0x0000494c      0x70b ./Drivers/STM32F4xx_HAL_Driver/Src/stm32f4xx_hal_gpio.o
 .debug_info    0x00005057      0x8ff ./Drivers/STM32F4xx_HAL_Driver/Src/stm32f4xx_hal_rcc.o
 .debug_info    0x00005956      0x960 ./Drivers/STM32F4xx_HAL_Driver/Src/stm32f4xx_hal_rcc_ex.o
 .debug_info    0x000062b6     0x1525 ./Drivers/STM32F4xx_HAL_Driver/Src/stm32f4xx_hal_spi.o

.debug_abbrev   0x00000000     0x18c2
 .debug_abbrev  0x00000000       0x6c ./Core/Src/RDB_Depth_Digits36x58.o
 .debug_abbrev  0x0000006c       0xf1 ./Core/Src/RDB_Functions.o
 .debug_abbrev  0x0000015d      0x2fd ./Core/Src/ST7565.o
 .debug_abbrev  0x0000045a      0x2ad ./Core/Src/main.o
 .debug_abbrev  0x00000707      0x1c3 ./Core/Src/stm32f4xx_hal_msp.o
 .debug_abbrev  0x000008ca       0x73 ./Core/Src/stm32f4xx_it.o
 .debug_abbrev  0x0000093d      0x11a ./Core/Src/system_stm32f4xx.o
 .debug_abbrev  0x00000a57       0x24 ./Core/Startup/startup_stm32f446retx.o
 .debug_abbrev  0x00000a7b      0x214 ./Drivers/STM32F4xx_HAL_Driver/Src/stm32f4xx_hal.o
 .debug_abbrev  0x00000c8f      0x31d ./Drivers/STM32F4xx_HAL_Driver/Src/stm32f4xx_hal_cortex.o
 .debug_abbrev  0x00000fac      0x1d4 ./Drivers/STM32F4xx_HAL_Driver/Src/stm32f4xx_hal_gpio.o
 .debug_abbrev  0x00001180      0x2b7 ./Drivers/STM32F4xx_HAL_Driver/Src/stm32f4xx_hal_rcc.o
 .debug_abbrev  0x00001437      0x211 ./Drivers/STM32F4xx_HAL_Driver/Src/stm32f4xx_hal_rcc_ex.o
 .debug_abbrev  0x00001648      0x27a ./Drivers/STM32F4xx_HAL_Driver/Src/stm32f4xx_hal_spi.o

.debug_aranges  0x00000000      0x758
 .debug_aranges
                0x00000000       0x18 ./Core/Src/RDB_Depth_Digits36x58.o
 .debug_aranges
                0x00000018       0x20 ./Core/Src/RDB_Functions.o
 .debug_aranges
                0x00000038       0xb0 ./Core/Src/ST7565.o
 .debug_aranges
                0x000000e8       0x48 ./Core/Src/main.o
 .debug_aranges
                0x00000130       0x30 ./Core/Src/stm32f4xx_hal_msp.o
 .debug_aranges
                0x00000160       0x60 ./Core/Src/stm32f4xx_it.o
 .debug_aranges
                0x000001c0       0x28 ./Core/Src/system_stm32f4xx.o
 .debug_aranges
                0x000001e8       0x28 ./Core/Startup/startup_stm32f446retx.o
 .debug_aranges
                0x00000210       0xf0 ./Drivers/STM32F4xx_HAL_Driver/Src/stm32f4xx_hal.o
 .debug_aranges
                0x00000300      0x130 ./Drivers/STM32F4xx_HAL_Driver/Src/stm32f4xx_hal_cortex.o
 .debug_aranges
                0x00000430       0x58 ./Drivers/STM32F4xx_HAL_Driver/Src/stm32f4xx_hal_gpio.o
 .debug_aranges
                0x00000488       0x88 ./Drivers/STM32F4xx_HAL_Driver/Src/stm32f4xx_hal_rcc.o
 .debug_aranges
                0x00000510       0x78 ./Drivers/STM32F4xx_HAL_Driver/Src/stm32f4xx_hal_rcc_ex.o
 .debug_aranges
                0x00000588      0x1d0 ./Drivers/STM32F4xx_HAL_Driver/Src/stm32f4xx_hal_spi.o

.debug_macro    0x00000000    0x21533
 .debug_macro   0x00000000       0x1b ./Core/Src/RDB_Depth_Digits36x58.o
 .debug_macro   0x0000001b      0xad8 ./Core/Src/RDB_Depth_Digits36x58.o
 .debug_macro   0x00000af3      0x2b7 ./Core/Src/RDB_Functions.o
 .debug_macro   0x00000daa       0x22 ./Core/Src/RDB_Functions.o
 .debug_macro   0x00000dcc       0x8e ./Core/Src/RDB_Functions.o
 .debug_macro   0x00000e5a       0x51 ./Core/Src/RDB_Functions.o
 .debug_macro   0x00000eab      0x103 ./Core/Src/RDB_Functions.o
 .debug_macro   0x00000fae       0x6a ./Core/Src/RDB_Functions.o
 .debug_macro   0x00001018      0x1df ./Core/Src/RDB_Functions.o
 .debug_macro   0x000011f7      0x295 ./Core/Src/RDB_Functions.o
 .debug_macro   0x0000148c       0x2e ./Core/Src/RDB_Functions.o
 .debug_macro   0x000014ba       0x28 ./Core/Src/RDB_Functions.o
 .debug_macro   0x000014e2       0x1c ./Core/Src/RDB_Functions.o
 .debug_macro   0x000014fe       0x22 ./Core/Src/RDB_Functions.o
 .debug_macro   0x00001520       0xfb ./Core/Src/RDB_Functions.o
 .debug_macro   0x0000161b     0x1011 ./Core/Src/RDB_Functions.o
 .debug_macro   0x0000262c      0x11f ./Core/Src/RDB_Functions.o
 .debug_macro   0x0000274b    0x1675e ./Core/Src/RDB_Functions.o
 .debug_macro   0x00018ea9       0x6d ./Core/Src/RDB_Functions.o
 .debug_macro   0x00018f16     0x3693 ./Core/Src/RDB_Functions.o
 .debug_macro   0x0001c5a9      0x190 ./Core/Src/RDB_Functions.o
 .debug_macro   0x0001c739       0x5c ./Core/Src/RDB_Functions.o
 .debug_macro   0x0001c795      0xca5 ./Core/Src/RDB_Functions.o
 .debug_macro   0x0001d43a      0x9e9 ./Core/Src/RDB_Functions.o
 .debug_macro   0x0001de23      0x115 ./Core/Src/RDB_Functions.o
 .debug_macro   0x0001df38      0x1a0 ./Core/Src/RDB_Functions.o
 .debug_macro   0x0001e0d8       0xa5 ./Core/Src/RDB_Functions.o
 .debug_macro   0x0001e17d      0x16d ./Core/Src/RDB_Functions.o
 .debug_macro   0x0001e2ea      0x287 ./Core/Src/RDB_Functions.o
 .debug_macro   0x0001e571       0x5f ./Core/Src/RDB_Functions.o
 .debug_macro   0x0001e5d0      0x236 ./Core/Src/RDB_Functions.o
 .debug_macro   0x0001e806      0x132 ./Core/Src/RDB_Functions.o
 .debug_macro   0x0001e938      0x29c ./Core/Src/RDB_Functions.o
 .debug_macro   0x0001ebd4       0x2e ./Core/Src/RDB_Functions.o
 .debug_macro   0x0001ec02      0x127 ./Core/Src/RDB_Functions.o
 .debug_macro   0x0001ed29       0xe8 ./Core/Src/RDB_Functions.o
 .debug_macro   0x0001ee11       0x89 ./Core/Src/RDB_Functions.o
 .debug_macro   0x0001ee9a      0x225 ./Core/Src/RDB_Functions.o
 .debug_macro   0x0001f0bf      0x126 ./Core/Src/RDB_Functions.o
 .debug_macro   0x0001f1e5       0xe8 ./Core/Src/RDB_Functions.o
 .debug_macro   0x0001f2cd       0x94 ./Core/Src/RDB_Functions.o
 .debug_macro   0x0001f361       0x61 ./Core/Src/RDB_Functions.o
 .debug_macro   0x0001f3c2       0x2a ./Core/Src/RDB_Functions.o
 .debug_macro   0x0001f3ec       0x43 ./Core/Src/RDB_Functions.o
 .debug_macro   0x0001f42f       0x34 ./Core/Src/RDB_Functions.o
 .debug_macro   0x0001f463      0x370 ./Core/Src/RDB_Functions.o
 .debug_macro   0x0001f7d3       0x16 ./Core/Src/RDB_Functions.o
 .debug_macro   0x0001f7e9       0x4a ./Core/Src/RDB_Functions.o
 .debug_macro   0x0001f833       0x34 ./Core/Src/RDB_Functions.o
 .debug_macro   0x0001f867       0x10 ./Core/Src/RDB_Functions.o
 .debug_macro   0x0001f877       0x58 ./Core/Src/RDB_Functions.o
 .debug_macro   0x0001f8cf       0x8e ./Core/Src/RDB_Functions.o
 .debug_macro   0x0001f95d       0x1c ./Core/Src/RDB_Functions.o
 .debug_macro   0x0001f979      0x185 ./Core/Src/RDB_Functions.o
 .debug_macro   0x0001fafe       0x10 ./Core/Src/RDB_Functions.o
 .debug_macro   0x0001fb0e       0x3c ./Core/Src/RDB_Functions.o
 .debug_macro   0x0001fb4a       0x20 ./Core/Src/RDB_Functions.o
 .debug_macro   0x0001fb6a      0x2db ./Core/Src/ST7565.o
 .debug_macro   0x0001fe45       0x5b ./Core/Src/ST7565.o
 .debug_macro   0x0001fea0       0x94 ./Core/Src/ST7565.o
 .debug_macro   0x0001ff34       0x16 ./Core/Src/ST7565.o
 .debug_macro   0x0001ff4a      0x11c ./Core/Src/ST7565.o
 .debug_macro   0x00020066       0x9b ./Core/Src/ST7565.o
 .debug_macro   0x00020101       0x57 ./Core/Src/ST7565.o
 .debug_macro   0x00020158       0x16 ./Core/Src/ST7565.o
 .debug_macro   0x0002016e       0x29 ./Core/Src/ST7565.o
 .debug_macro   0x00020197       0x56 ./Core/Src/ST7565.o
 .debug_macro   0x000201ed       0x16 ./Core/Src/ST7565.o
 .debug_macro   0x00020203      0x2cb ./Core/Src/main.o
 .debug_macro   0x000204ce      0x1d6 ./Core/Src/stm32f4xx_hal_msp.o
 .debug_macro   0x000206a4      0x1e0 ./Core/Src/stm32f4xx_it.o
 .debug_macro   0x00020884      0x1ba ./Core/Src/system_stm32f4xx.o
 .debug_macro   0x00020a3e      0x21a ./Drivers/STM32F4xx_HAL_Driver/Src/stm32f4xx_hal.o
 .debug_macro   0x00020c58      0x1ba ./Drivers/STM32F4xx_HAL_Driver/Src/stm32f4xx_hal_cortex.o
 .debug_macro   0x00020e12      0x1c0 ./Drivers/STM32F4xx_HAL_Driver/Src/stm32f4xx_hal_gpio.o
 .debug_macro   0x00020fd2      0x1de ./Drivers/STM32F4xx_HAL_Driver/Src/stm32f4xx_hal_rcc.o
 .debug_macro   0x000211b0      0x1ba ./Drivers/STM32F4xx_HAL_Driver/Src/stm32f4xx_hal_rcc_ex.o
 .debug_macro   0x0002136a      0x1c9 ./Drivers/STM32F4xx_HAL_Driver/Src/stm32f4xx_hal_spi.o

.debug_line     0x00000000     0x9de2
 .debug_line    0x00000000       0x6c ./Core/Src/RDB_Depth_Digits36x58.o
 .debug_line    0x0000006c      0x9c8 ./Core/Src/RDB_Functions.o
 .debug_line    0x00000a34      0xf46 ./Core/Src/ST7565.o
 .debug_line    0x0000197a      0xb29 ./Core/Src/main.o
 .debug_line    0x000024a3      0x7b2 ./Core/Src/stm32f4xx_hal_msp.o
 .debug_line    0x00002c55      0x7cf ./Core/Src/stm32f4xx_it.o
 .debug_line    0x00003424      0x78a ./Core/Src/system_stm32f4xx.o
 .debug_line    0x00003bae       0x7a ./Core/Startup/startup_stm32f446retx.o
 .debug_line    0x00003c28      0xa06 ./Drivers/STM32F4xx_HAL_Driver/Src/stm32f4xx_hal.o
 .debug_line    0x0000462e      0xcd6 ./Drivers/STM32F4xx_HAL_Driver/Src/stm32f4xx_hal_cortex.o
 .debug_line    0x00005304      0xb4a ./Drivers/STM32F4xx_HAL_Driver/Src/stm32f4xx_hal_gpio.o
 .debug_line    0x00005e4e      0xe21 ./Drivers/STM32F4xx_HAL_Driver/Src/stm32f4xx_hal_rcc.o
 .debug_line    0x00006c6f     0x14d2 ./Drivers/STM32F4xx_HAL_Driver/Src/stm32f4xx_hal_rcc_ex.o
 .debug_line    0x00008141     0x1ca1 ./Drivers/STM32F4xx_HAL_Driver/Src/stm32f4xx_hal_spi.o

.debug_str      0x00000000    0xc7a33
 .debug_str     0x00000000    0xc7a33 ./Core/Src/RDB_Depth_Digits36x58.o
                               0x2f47 (size before relaxing)
 .debug_str     0x000c7a33    0xc54d7 ./Core/Src/RDB_Functions.o
 .debug_str     0x000c7a33    0xc5d30 ./Core/Src/ST7565.o
 .debug_str     0x000c7a33    0xc5c32 ./Core/Src/main.o
 .debug_str     0x000c7a33    0xc27f9 ./Core/Src/stm32f4xx_hal_msp.o
 .debug_str     0x000c7a33    0xc2242 ./Core/Src/stm32f4xx_it.o
 .debug_str     0x000c7a33    0xc1e7b ./Core/Src/system_stm32f4xx.o
 .debug_str     0x000c7a33       0x61 ./Core/Startup/startup_stm32f446retx.o
 .debug_str     0x000c7a33    0xc2a40 ./Drivers/STM32F4xx_HAL_Driver/Src/stm32f4xx_hal.o
 .debug_str     0x000c7a33    0xc2797 ./Drivers/STM32F4xx_HAL_Driver/Src/stm32f4xx_hal_cortex.o
 .debug_str     0x000c7a33    0xc1ff6 ./Drivers/STM32F4xx_HAL_Driver/Src/stm32f4xx_hal_gpio.o
 .debug_str     0x000c7a33    0xc22b4 ./Drivers/STM32F4xx_HAL_Driver/Src/stm32f4xx_hal_rcc.o
 .debug_str     0x000c7a33    0xc22e7 ./Drivers/STM32F4xx_HAL_Driver/Src/stm32f4xx_hal_rcc_ex.o
 .debug_str     0x000c7a33    0xc2714 ./Drivers/STM32F4xx_HAL_Driver/Src/stm32f4xx_hal_spi.o

.comment        0x00000000       0x43
 .comment       0x00000000       0x43 ./Core/Src/RDB_Depth_Digits36x58.o
                                 0x44 (size before relaxing)
 .comment       0x00000043       0x44 ./Core/Src/RDB_Functions.o
 .comment       0x00000043       0x44 ./Core/Src/ST7565.o
 .comment       0x00000043       0x44 ./Core/Src/main.o
 .comment       0x00000043       0x44 ./Core/Src/stm32f4xx_hal_msp.o
 .comment       0x00000043       0x44 ./Core/Src/stm32f4xx_it.o
 .comment       0x00000043       0x44 ./Core/Src/system_stm32f4xx.o
 .comment       0x00000043       0x44 ./Drivers/STM32F4xx_HAL_Driver/Src/stm32f4xx_hal.o
 .comment       0x00000043       0x44 ./Drivers/STM32F4xx_HAL_Driver/Src/stm32f4xx_hal_cortex.o
 .comment       0x00000043       0x44 ./Drivers/STM32F4xx_HAL_Driver/Src/stm32f4xx_hal_gpio.o
 .comment       0x00000043       0x44 ./Drivers/STM32F4xx_HAL_Driver/Src/stm32f4xx_hal_rcc.o
 .comment       0x00000043       0x44 ./Drivers/STM32F4xx_HAL_Driver/Src/stm32f4xx_hal_rcc_ex.o
 .comment       0x00000043       0x44 ./Drivers/STM32F4xx_HAL_Driver/Src/stm32f4xx_hal_spi.o

.debug_rnglists
                0x00000000      0x567
 .debug_rnglists
                0x00000000       0x14 ./Core/Src/RDB_Functions.o
 .debug_rnglists
                0x00000014       0x89 ./Core/Src/ST7565.o
 .debug_rnglists
                0x0000009d       0x33 ./Core/Src/main.o
 .debug_rnglists
                0x000000d0       0x20 ./Core/Src/stm32f4xx_hal_msp.o
 .debug_rnglists
                0x000000f0       0x43 ./Core/Src/stm32f4xx_it.o
 .debug_rnglists
                0x00000133       0x1a ./Core/Src/system_stm32f4xx.o
 .debug_rnglists
                0x0000014d       0x19 ./Core/Startup/startup_stm32f446retx.o
 .debug_rnglists
                0x00000166       0xaf ./Drivers/STM32F4xx_HAL_Driver/Src/stm32f4xx_hal.o
 .debug_rnglists
                0x00000215       0xe0 ./Drivers/STM32F4xx_HAL_Driver/Src/stm32f4xx_hal_cortex.o
 .debug_rnglists
                0x000002f5       0x3f ./Drivers/STM32F4xx_HAL_Driver/Src/stm32f4xx_hal_gpio.o
 .debug_rnglists
                0x00000334       0x66 ./Drivers/STM32F4xx_HAL_Driver/Src/stm32f4xx_hal_rcc.o
 .debug_rnglists
                0x0000039a       0x5e ./Drivers/STM32F4xx_HAL_Driver/Src/stm32f4xx_hal_rcc_ex.o
 .debug_rnglists
                0x000003f8      0x16f ./Drivers/STM32F4xx_HAL_Driver/Src/stm32f4xx_hal_spi.o

.debug_frame    0x00000000     0x1c20
 .debug_frame   0x00000000       0x38 ./Core/Src/RDB_Functions.o
 .debug_frame   0x00000038      0x2d4 ./Core/Src/ST7565.o
 .debug_frame   0x0000030c       0xc4 ./Core/Src/main.o
 .debug_frame   0x000003d0       0x7c ./Core/Src/stm32f4xx_hal_msp.o
 .debug_frame   0x0000044c      0x104 ./Core/Src/stm32f4xx_it.o
 .debug_frame   0x00000550       0x58 ./Core/Src/system_stm32f4xx.o
 .debug_frame   0x000005a8      0x374 ./Drivers/STM32F4xx_HAL_Driver/Src/stm32f4xx_hal.o
 .debug_frame   0x0000091c      0x508 ./Drivers/STM32F4xx_HAL_Driver/Src/stm32f4xx_hal_cortex.o
 .debug_frame   0x00000e24      0x14c ./Drivers/STM32F4xx_HAL_Driver/Src/stm32f4xx_hal_gpio.o
 .debug_frame   0x00000f70      0x1f4 ./Drivers/STM32F4xx_HAL_Driver/Src/stm32f4xx_hal_rcc.o
 .debug_frame   0x00001164      0x1e8 ./Drivers/STM32F4xx_HAL_Driver/Src/stm32f4xx_hal_rcc_ex.o
 .debug_frame   0x0000134c      0x828 ./Drivers/STM32F4xx_HAL_Driver/Src/stm32f4xx_hal_spi.o
 .debug_frame   0x00001b74       0x20 C:/Users/c0519808/STM32CubeIDE_1.19.0/STM32CubeIDE/plugins/com.st.stm32cube.ide.mcu.externaltools.gnu-tools-for-stm32.13.3.rel1.win32_1.0.0.202411081344/tools/bin/../lib/gcc/arm-none-eabi/13.3.1/../../../../arm-none-eabi/lib/thumb/v7e-m+fp/hard\libc_nano.a(libc_a-memset.o)
 .debug_frame   0x00001b94       0x2c C:/Users/c0519808/STM32CubeIDE_1.19.0/STM32CubeIDE/plugins/com.st.stm32cube.ide.mcu.externaltools.gnu-tools-for-stm32.13.3.rel1.win32_1.0.0.202411081344/tools/bin/../lib/gcc/arm-none-eabi/13.3.1/../../../../arm-none-eabi/lib/thumb/v7e-m+fp/hard\libc_nano.a(libc_a-init.o)
 .debug_frame   0x00001bc0       0x2c C:/Users/c0519808/STM32CubeIDE_1.19.0/STM32CubeIDE/plugins/com.st.stm32cube.ide.mcu.externaltools.gnu-tools-for-stm32.13.3.rel1.win32_1.0.0.202411081344/tools/bin/../lib/gcc/arm-none-eabi/13.3.1/thumb/v7e-m+fp/hard\libgcc.a(_aeabi_uldivmod.o)
 .debug_frame   0x00001bec       0x34 C:/Users/c0519808/STM32CubeIDE_1.19.0/STM32CubeIDE/plugins/com.st.stm32cube.ide.mcu.externaltools.gnu-tools-for-stm32.13.3.rel1.win32_1.0.0.202411081344/tools/bin/../lib/gcc/arm-none-eabi/13.3.1/thumb/v7e-m+fp/hard\libgcc.a(_udivmoddi4.o)

.debug_line_str
                0x00000000       0x45
 .debug_line_str
                0x00000000       0x45 ./Core/Startup/startup_stm32f446retx.o
