Archive member included to satisfy reference by file (symbol)

C:/Users/c0519808/STM32CubeIDE_1.19.0/STM32CubeIDE/plugins/com.st.stm32cube.ide.mcu.externaltools.gnu-tools-for-stm32.13.3.rel1.win32_1.0.0.202411081344/tools/bin/../lib/gcc/arm-none-eabi/13.3.1/../../../../arm-none-eabi/lib/thumb/v7e-m+fp/hard\libc_nano.a(libc_a-exit.o)
                              C:/Users/c0519808/STM32CubeIDE_1.19.0/STM32CubeIDE/plugins/com.st.stm32cube.ide.mcu.externaltools.gnu-tools-for-stm32.13.3.rel1.win32_1.0.0.202411081344/tools/bin/../lib/gcc/arm-none-eabi/13.3.1/../../../../arm-none-eabi/lib/thumb/v7e-m+fp/hard/crt0.o (exit)
C:/Users/c0519808/STM32CubeIDE_1.19.0/STM32CubeIDE/plugins/com.st.stm32cube.ide.mcu.externaltools.gnu-tools-for-stm32.13.3.rel1.win32_1.0.0.202411081344/tools/bin/../lib/gcc/arm-none-eabi/13.3.1/../../../../arm-none-eabi/lib/thumb/v7e-m+fp/hard\libc_nano.a(libc_a-findfp.o)
                              C:/Users/c0519808/STM32CubeIDE_1.19.0/STM32CubeIDE/plugins/com.st.stm32cube.ide.mcu.externaltools.gnu-tools-for-stm32.13.3.rel1.win32_1.0.0.202411081344/tools/bin/../lib/gcc/arm-none-eabi/13.3.1/../../../../arm-none-eabi/lib/thumb/v7e-m+fp/hard\libc_nano.a(libc_a-exit.o) (__stdio_exit_handler)
C:/Users/c0519808/STM32CubeIDE_1.19.0/STM32CubeIDE/plugins/com.st.stm32cube.ide.mcu.externaltools.gnu-tools-for-stm32.13.3.rel1.win32_1.0.0.202411081344/tools/bin/../lib/gcc/arm-none-eabi/13.3.1/../../../../arm-none-eabi/lib/thumb/v7e-m+fp/hard\libc_nano.a(libc_a-fwalk.o)
                              C:/Users/c0519808/STM32CubeIDE_1.19.0/STM32CubeIDE/plugins/com.st.stm32cube.ide.mcu.externaltools.gnu-tools-for-stm32.13.3.rel1.win32_1.0.0.202411081344/tools/bin/../lib/gcc/arm-none-eabi/13.3.1/../../../../arm-none-eabi/lib/thumb/v7e-m+fp/hard\libc_nano.a(libc_a-findfp.o) (_fwalk_sglue)
C:/Users/c0519808/STM32CubeIDE_1.19.0/STM32CubeIDE/plugins/com.st.stm32cube.ide.mcu.externaltools.gnu-tools-for-stm32.13.3.rel1.win32_1.0.0.202411081344/tools/bin/../lib/gcc/arm-none-eabi/13.3.1/../../../../arm-none-eabi/lib/thumb/v7e-m+fp/hard\libc_nano.a(libc_a-stdio.o)
                              C:/Users/c0519808/STM32CubeIDE_1.19.0/STM32CubeIDE/plugins/com.st.stm32cube.ide.mcu.externaltools.gnu-tools-for-stm32.13.3.rel1.win32_1.0.0.202411081344/tools/bin/../lib/gcc/arm-none-eabi/13.3.1/../../../../arm-none-eabi/lib/thumb/v7e-m+fp/hard\libc_nano.a(libc_a-findfp.o) (__sread)
C:/Users/c0519808/STM32CubeIDE_1.19.0/STM32CubeIDE/plugins/com.st.stm32cube.ide.mcu.externaltools.gnu-tools-for-stm32.13.3.rel1.win32_1.0.0.202411081344/tools/bin/../lib/gcc/arm-none-eabi/13.3.1/../../../../arm-none-eabi/lib/thumb/v7e-m+fp/hard\libc_nano.a(libc_a-memset.o)
                              C:/Users/c0519808/STM32CubeIDE_1.19.0/STM32CubeIDE/plugins/com.st.stm32cube.ide.mcu.externaltools.gnu-tools-for-stm32.13.3.rel1.win32_1.0.0.202411081344/tools/bin/../lib/gcc/arm-none-eabi/13.3.1/../../../../arm-none-eabi/lib/thumb/v7e-m+fp/hard/crt0.o (memset)
C:/Users/c0519808/STM32CubeIDE_1.19.0/STM32CubeIDE/plugins/com.st.stm32cube.ide.mcu.externaltools.gnu-tools-for-stm32.13.3.rel1.win32_1.0.0.202411081344/tools/bin/../lib/gcc/arm-none-eabi/13.3.1/../../../../arm-none-eabi/lib/thumb/v7e-m+fp/hard\libc_nano.a(libc_a-closer.o)
                              C:/Users/c0519808/STM32CubeIDE_1.19.0/STM32CubeIDE/plugins/com.st.stm32cube.ide.mcu.externaltools.gnu-tools-for-stm32.13.3.rel1.win32_1.0.0.202411081344/tools/bin/../lib/gcc/arm-none-eabi/13.3.1/../../../../arm-none-eabi/lib/thumb/v7e-m+fp/hard\libc_nano.a(libc_a-stdio.o) (_close_r)
C:/Users/c0519808/STM32CubeIDE_1.19.0/STM32CubeIDE/plugins/com.st.stm32cube.ide.mcu.externaltools.gnu-tools-for-stm32.13.3.rel1.win32_1.0.0.202411081344/tools/bin/../lib/gcc/arm-none-eabi/13.3.1/../../../../arm-none-eabi/lib/thumb/v7e-m+fp/hard\libc_nano.a(libc_a-reent.o)
                              C:/Users/c0519808/STM32CubeIDE_1.19.0/STM32CubeIDE/plugins/com.st.stm32cube.ide.mcu.externaltools.gnu-tools-for-stm32.13.3.rel1.win32_1.0.0.202411081344/tools/bin/../lib/gcc/arm-none-eabi/13.3.1/../../../../arm-none-eabi/lib/thumb/v7e-m+fp/hard\libc_nano.a(libc_a-closer.o) (errno)
C:/Users/c0519808/STM32CubeIDE_1.19.0/STM32CubeIDE/plugins/com.st.stm32cube.ide.mcu.externaltools.gnu-tools-for-stm32.13.3.rel1.win32_1.0.0.202411081344/tools/bin/../lib/gcc/arm-none-eabi/13.3.1/../../../../arm-none-eabi/lib/thumb/v7e-m+fp/hard\libc_nano.a(libc_a-impure.o)
                              C:/Users/c0519808/STM32CubeIDE_1.19.0/STM32CubeIDE/plugins/com.st.stm32cube.ide.mcu.externaltools.gnu-tools-for-stm32.13.3.rel1.win32_1.0.0.202411081344/tools/bin/../lib/gcc/arm-none-eabi/13.3.1/../../../../arm-none-eabi/lib/thumb/v7e-m+fp/hard\libc_nano.a(libc_a-reent.o) (_impure_ptr)
[...]
Memory Configuration

Name             Origin             Length             Attributes
RAM              0x20000000         0x00020000         xrw
FLASH            0x08000000         0x00080000         xr
*default*        0x00000000         0xffffffff

Linker script and memory map

LOAD C:/Users/c0519808/STM32CubeIDE_1.19.0/STM32CubeIDE/plugins/com.st.stm32cube.ide.mcu.externaltools.gnu-tools-for-stm32.13.3.rel1.win32_1.0.0.202411081344/tools/bin/../lib/gcc/arm-none-eabi/13.3.1/thumb/v7e-m+fp/hard/crti.o
LOAD C:/Users/c0519808/STM32CubeIDE_1.19.0/STM32CubeIDE/plugins/com.st.stm32cube.ide.mcu.externaltools.gnu-tools-for-stm32.13.3.rel1.win32_1.0.0.202411081344/tools/bin/../lib/gcc/arm-none-eabi/13.3.1/thumb/v7e-m+fp/hard/crtbegin.o
LOAD C:/Users/c0519808/STM32CubeIDE_1.19.0/STM32CubeIDE/plugins/com.st.stm32cube.ide.mcu.externaltools.gnu-tools-for-stm32.13.3.rel1.win32_1.0.0.202411081344/tools/bin/../lib/gcc/arm-none-eabi/13.3.1/../../../../arm-none-eabi/lib/thumb/v7e-m+fp/hard/crt0.o
LOAD ./Core/Src/RDB_Depth_Digits36x58.o
LOAD ./Core/Src/RDB_Functions.o
LOAD ./Core/Src/ST7565.o
LOAD ./Core/Src/glcdfont.o
LOAD ./Core/Src/main.o
LOAD ./Core/Src/stm32f4xx_hal_msp.o
LOAD ./Core/Src/stm32f4xx_it.o
LOAD ./Core/Src/syscalls.o
LOAD ./Core/Src/sysmem.o
LOAD ./Core/Src/system_stm32f4xx.o
LOAD ./Core/Startup/startup_stm32f446retx.o
LOAD ./Drivers/STM32F4xx_HAL_Driver/Src/stm32f4xx_hal.o
LOAD ./Drivers/STM32F4xx_HAL_Driver/Src/stm32f4xx_hal_cortex.o
LOAD ./Drivers/STM32F4xx_HAL_Driver/Src/stm32f4xx_hal_dma.o
LOAD ./Drivers/STM32F4xx_HAL_Driver/Src/stm32f4xx_hal_dma_ex.o
LOAD ./Drivers/STM32F4xx_HAL_Driver/Src/stm32f4xx_hal_exti.o
LOAD ./Drivers/STM32F4xx_HAL_Driver/Src/stm32f4xx_hal_flash.o
LOAD ./Drivers/STM32F4xx_HAL_Driver/Src/stm32f4xx_hal_flash_ex.o
LOAD ./Drivers/STM32F4xx_HAL_Driver/Src/stm32f4xx_hal_flash_ramfunc.o
LOAD ./Drivers/STM32F4xx_HAL_Driver/Src/stm32f4xx_hal_gpio.o
LOAD ./Drivers/STM32F4xx_HAL_Driver/Src/stm32f4xx_hal_pwr.o
LOAD ./Drivers/STM32F4xx_HAL_Driver/Src/stm32f4xx_hal_pwr_ex.o
LOAD ./Drivers/STM32F4xx_HAL_Driver/Src/stm32f4xx_hal_rcc.o
LOAD ./Drivers/STM32F4xx_HAL_Driver/Src/stm32f4xx_hal_rcc_ex.o
LOAD ./Drivers/STM32F4xx_HAL_Driver/Src/stm32f4xx_hal_spi.o
START GROUP
LOAD C:/Users/c0519808/STM32CubeIDE_1.19.0/STM32CubeIDE/plugins/com.st.stm32cube.ide.mcu.externaltools.gnu-tools-for-stm32.13.3.rel1.win32_1.0.0.202411081344/tools/bin/../lib/gcc/arm-none-eabi/13.3.1/../../../../arm-none-eabi/lib/thumb/v7e-m+fp/hard\libc_nano.a
LOAD C:/Users/c0519808/STM32CubeIDE_1.19.0/STM32CubeIDE/plugins/com.st.stm32cube.ide.mcu.externaltools.gnu-tools-for-stm32.13.3.rel1.win32_1.0.0.202411081344/tools/bin/../lib/gcc/arm-none-eabi/13.3.1/../../../../arm-none-eabi/lib/thumb/v7e-m+fp/hard\libm.a
END GROUP
START GROUP
LOAD C:/Users/c0519808/STM32CubeIDE_1.19.0/STM32CubeIDE/plugins/com.st.stm32cube.ide.mcu.externaltools.gnu-tools-for-stm32.13.3.rel1.win32_1.0.0.202411081344/tools/bin/../lib/gcc/arm-none-eabi/13.3.1/thumb/v7e-m+fp/hard\libgcc.a
LOAD C:/Users/c0519808/STM32CubeIDE_1.19.0/STM32CubeIDE/plugins/com.st.stm32cube.ide.mcu.externaltools.gnu-tools-for-stm32.13.3.rel1.win32_1.0.0.202411081344/tools/bin/../lib/gcc/arm-none-eabi/13.3.1/../../../../arm-none-eabi/lib/thumb/v7e-m+fp/hard\libc_nano.a
END GROUP
START GROUP
LOAD C:/Users/c0519808/STM32CubeIDE_1.19.0/STM32CubeIDE/plugins/com.st.stm32cube.ide.mcu.externaltools.gnu-tools-for-stm32.13.3.rel1.win32_1.0.0.202411081344/tools/bin/../lib/gcc/arm-none-eabi/13.3.1/thumb/v7e-m+fp/hard\libgcc.a
LOAD C:/Users/c0519808/STM32CubeIDE_1.19.0/STM32CubeIDE/plugins/com.st.stm32cube.ide.mcu.externaltools.gnu-tools-for-stm32.13.3.rel1.win32_1.0.0.202411081344/tools/bin/../lib/gcc/arm-none-eabi/13.3.1/../../../../arm-none-eabi/lib/thumb/v7e-m+fp/hard\libc_nano.a
LOAD C:/Users/c0519808/STM32CubeIDE_1.19.0/STM32CubeIDE/plugins/com.st.stm32cube.ide.mcu.externaltools.gnu-tools-for-stm32.13.3.rel1.win32_1.0.0.202411081344/tools/bin/../lib/gcc/arm-none-eabi/13.3.1/../../../../arm-none-eabi/lib/thumb/v7e-m+fp/hard\libnosys.a
END GROUP
START GROUP
LOAD C:/Users/c0519808/STM32CubeIDE_1.19.0/STM32CubeIDE/plugins/com.st.stm32cube.ide.mcu.externaltools.gnu-tools-for-stm32.13.3.rel1.win32_1.0.0.202411081344/tools/bin/../lib/gcc/arm-none-eabi/13.3.1/thumb/v7e-m+fp/hard\libgcc.a
LOAD C:/Users/c0519808/STM32CubeIDE_1.19.0/STM32CubeIDE/plugins/com.st.stm32cube.ide.mcu.externaltools.gnu-tools-for-stm32.13.3.rel1.win32_1.0.0.202411081344/tools/bin/../lib/gcc/arm-none-eabi/13.3.1/../../../../arm-none-eabi/lib/thumb/v7e-m+fp/hard\libc_nano.a
LOAD C:/Users/c0519808/STM32CubeIDE_1.19.0/STM32CubeIDE/plugins/com.st.stm32cube.ide.mcu.externaltools.gnu-tools-for-stm32.13.3.rel1.win32_1.0.0.202411081344/tools/bin/../lib/gcc/arm-none-eabi/13.3.1/../../../../arm-none-eabi/lib/thumb/v7e-m+fp/hard\libnosys.a
END GROUP
LOAD C:/Users/c0519808/STM32CubeIDE_1.19.0/STM32CubeIDE/plugins/com.st.stm32cube.ide.mcu.externaltools.gnu-tools-for-stm32.13.3.rel1.win32_1.0.0.202411081344/tools/bin/../lib/gcc/arm-none-eabi/13.3.1/thumb/v7e-m+fp/hard/crtend.o
LOAD C:/Users/c0519808/STM32CubeIDE_1.19.0/STM32CubeIDE/plugins/com.st.stm32cube.ide.mcu.externaltools.gnu-tools-for-stm32.13.3.rel1.win32_1.0.0.202411081344/tools/bin/../lib/gcc/arm-none-eabi/13.3.1/thumb/v7e-m+fp/hard/crtn.o
                0x20020000                        _estack = (ORIGIN (RAM) + LENGTH (RAM))
                0x00000200                        _Min_Heap_Size = 0x200
                0x00000400                        _Min_Stack_Size = 0x400

.isr_vector     0x08000000      0x1c4
                0x08000000                        . = ALIGN (0x4)
 *(.isr_vector)
 .isr_vector    0x08000000      0x1c4 ./Core/Startup/startup_stm32f446retx.o
                0x08000000                g_pfnVectors
                0x080001c4                        . = ALIGN (0x4)

.text           0x080001c4     0x2848
                0x080001c4                        . = ALIGN (0x4)
 *(.text)
 .text          0x080001c4       0x40 C:/Users/c0519808/STM32CubeIDE_1.19.0/STM32CubeIDE/plugins/com.st.stm32cube.ide.mcu.externaltools.gnu-tools-for-stm32.13.3.rel1.win32_1.0.0.202411081344/tools/bin/../lib/gcc/arm-none-eabi/13.3.1/thumb/v7e-m+fp/hard/crtbegin.o
 .text          0x08000204       0x30 C:/Users/c0519808/STM32CubeIDE_1.19.0/STM32CubeIDE/plugins/com.st.stm32cube.ide.mcu.externaltools.gnu-tools-for-stm32.13.3.rel1.win32_1.0.0.202411081344/tools/bin/../lib/gcc/arm-none-eabi/13.3.1/thumb/v7e-m+fp/hard\libgcc.a(_aeabi_uldivmod.o)
                0x08000204                __aeabi_uldivmod
 .text          0x08000234      0x2f8 C:/Users/c0519808/STM32CubeIDE_1.19.0/STM32CubeIDE/plugins/com.st.stm32cube.ide.mcu.externaltools.gnu-tools-for-stm32.13.3.rel1.win32_1.0.0.202411081344/tools/bin/../lib/gcc/arm-none-eabi/13.3.1/thumb/v7e-m+fp/hard\libgcc.a(_udivmoddi4.o)
                0x08000234                __udivmoddi4
 .text          0x0800052c        0x4 C:/Users/c0519808/STM32CubeIDE_1.19.0/STM32CubeIDE/plugins/com.st.stm32cube.ide.mcu.externaltools.gnu-tools-for-stm32.13.3.rel1.win32_1.0.0.202411081344/tools/bin/../lib/gcc/arm-none-eabi/13.3.1/thumb/v7e-m+fp/hard\libgcc.a(_dvmd_tls.o)
                0x0800052c                __aeabi_idiv0
                0x0800052c                __aeabi_ldiv0
 *(.text*)
 .text.parseDepthVal
                0x08000530       0xf0 ./Core/Src/RDB_Functions.o
                0x08000530                parseDepthVal
 .text.ST7565_updateBoundingBox
                0x08000620       0x78 ./Core/Src/ST7565.o
 .text.ST7565_drawbitmapNew
                0x08000698       0xac ./Core/Src/ST7565.o
                0x08000698                ST7565_drawbitmapNew
 .text.ST7565_drawchar
                0x08000744       0x78 ./Core/Src/ST7565.o
                0x08000744                ST7565_drawchar
 .text.ST7565_drawstring_anywhere
                0x080007bc       0x56 ./Core/Src/ST7565.o
                0x080007bc                ST7565_drawstring_anywhere
 .text.ST7565_fillrect
                0x08000812       0x7e ./Core/Src/ST7565.o
                0x08000812                ST7565_fillrect
 .text.updateDisplay
                0x08000890       0x7c ./Core/Src/ST7565.o
                0x08000890                updateDisplay
 .text.ST7565_setpixel
                0x0800090c       0x84 ./Core/Src/ST7565.o
                0x0800090c                ST7565_setpixel
 .text.ST7565_init
                0x08000990       0xc4 ./Core/Src/ST7565.o
                0x08000990                ST7565_init
 .text.ST7565_command
                0x08000a54       0x58 ./Core/Src/ST7565.o
                0x08000a54                ST7565_command
 .text.ST7565_data
                0x08000aac       0x58 ./Core/Src/ST7565.o
                0x08000aac                ST7565_data
 .text.ST7565_set_brightness
                0x08000b04       0x26 ./Core/Src/ST7565.o
                0x08000b04                ST7565_set_brightness
 *fill*         0x08000b2a        0x2 
 .text.pin_config
                0x08000b2c       0xbc ./Core/Src/ST7565.o
                0x08000b2c                pin_config
 .text.main     0x08000be8       0x90 ./Core/Src/main.o
                0x08000be8                main
 .text.SystemClock_Config
                0x08000c78       0xdc ./Core/Src/main.o
                0x08000c78                SystemClock_Config
 .text.MX_SPI1_Init
                0x08000d54       0x6c ./Core/Src/main.o
 .text.MX_SPI3_Init
                0x08000dc0       0x70 ./Core/Src/main.o
 .text.MX_GPIO_Init
                0x08000e30      0x124 ./Core/Src/main.o
 .text.Error_Handler
                0x08000f54        0xc ./Core/Src/main.o
                0x08000f54                Error_Handler
 .text.HAL_MspInit
                0x08000f60       0x50 ./Core/Src/stm32f4xx_hal_msp.o
                0x08000f60                HAL_MspInit
 .text.HAL_SPI_MspInit
                0x08000fb0      0x13c ./Core/Src/stm32f4xx_hal_msp.o
                0x08000fb0                HAL_SPI_MspInit
 .text.NMI_Handler
                0x080010ec        0x8 ./Core/Src/stm32f4xx_it.o
                0x080010ec                NMI_Handler
 .text.HardFault_Handler
                0x080010f4        0x8 ./Core/Src/stm32f4xx_it.o
                0x080010f4                HardFault_Handler
 .text.MemManage_Handler
                0x080010fc        0x8 ./Core/Src/stm32f4xx_it.o
                0x080010fc                MemManage_Handler
 .text.BusFault_Handler
                0x08001104        0x8 ./Core/Src/stm32f4xx_it.o
                0x08001104                BusFault_Handler
 .text.UsageFault_Handler
                0x0800110c        0x8 ./Core/Src/stm32f4xx_it.o
                0x0800110c                UsageFault_Handler
 .text.SVC_Handler
                0x08001114        0xe ./Core/Src/stm32f4xx_it.o
                0x08001114                SVC_Handler
 .text.DebugMon_Handler
                0x08001122        0xe ./Core/Src/stm32f4xx_it.o
                0x08001122                DebugMon_Handler
 .text.PendSV_Handler
                0x08001130        0xe ./Core/Src/stm32f4xx_it.o
                0x08001130                PendSV_Handler
 .text.SysTick_Handler
                0x0800113e        0xc ./Core/Src/stm32f4xx_it.o
                0x0800113e                SysTick_Handler
 *fill*         0x0800114a        0x2 
 .text.SystemInit
                0x0800114c       0x24 ./Core/Src/system_stm32f4xx.o
                0x0800114c                SystemInit
 .text.Reset_Handler
                0x08001170       0x50 ./Core/Startup/startup_stm32f446retx.o
                0x08001170                Reset_Handler
 .text.Default_Handler
                0x080011c0        0x2 ./Core/Startup/startup_stm32f446retx.o
                0x080011c0                RTC_Alarm_IRQHandler
                0x080011c0                EXTI2_IRQHandler
                0x080011c0                TIM8_CC_IRQHandler
                0x080011c0                FMPI2C1_EV_IRQHandler
                0x080011c0                SPI4_IRQHandler
                0x080011c0                TIM1_CC_IRQHandler
                0x080011c0                DMA2_Stream5_IRQHandler
                0x080011c0                DMA1_Stream5_IRQHandler
                0x080011c0                PVD_IRQHandler
                0x080011c0                SDIO_IRQHandler
                0x080011c0                TAMP_STAMP_IRQHandler
                0x080011c0                CAN2_RX1_IRQHandler
                0x080011c0                EXTI3_IRQHandler
                0x080011c0                TIM8_TRG_COM_TIM14_IRQHandler
                0x080011c0                TIM1_UP_TIM10_IRQHandler
                0x080011c0                TIM8_UP_TIM13_IRQHandler
                0x080011c0                I2C3_ER_IRQHandler
                0x080011c0                EXTI0_IRQHandler
                0x080011c0                I2C2_EV_IRQHandler
                0x080011c0                DMA1_Stream2_IRQHandler
                0x080011c0                CAN1_RX0_IRQHandler
                0x080011c0                FPU_IRQHandler
                0x080011c0                OTG_HS_WKUP_IRQHandler
                0x080011c0                CAN2_SCE_IRQHandler
                0x080011c0                DMA2_Stream2_IRQHandler
                0x080011c0                SPI1_IRQHandler
                0x080011c0                TIM6_DAC_IRQHandler
                0x080011c0                TIM1_BRK_TIM9_IRQHandler
                0x080011c0                DCMI_IRQHandler
                0x080011c0                CAN2_RX0_IRQHandler
                0x080011c0                DMA2_Stream3_IRQHandler
                0x080011c0                SAI2_IRQHandler
                0x080011c0                USART6_IRQHandler
                0x080011c0                USART3_IRQHandler
                0x080011c0                CAN1_RX1_IRQHandler
                0x080011c0                UART5_IRQHandler
                0x080011c0                DMA2_Stream0_IRQHandler
                0x080011c0                TIM4_IRQHandler
                0x080011c0                QUADSPI_IRQHandler
                0x080011c0                I2C1_EV_IRQHandler
                0x080011c0                DMA1_Stream6_IRQHandler
                0x080011c0                DMA1_Stream1_IRQHandler
                0x080011c0                UART4_IRQHandler
                0x080011c0                TIM3_IRQHandler
                0x080011c0                RCC_IRQHandler
                0x080011c0                TIM8_BRK_TIM12_IRQHandler
                0x080011c0                Default_Handler
                0x080011c0                CEC_IRQHandler
                0x080011c0                EXTI15_10_IRQHandler
                0x080011c0                ADC_IRQHandler
                0x080011c0                DMA1_Stream7_IRQHandler
                0x080011c0                TIM7_IRQHandler
                0x080011c0                CAN2_TX_IRQHandler
                0x080011c0                TIM5_IRQHandler
                0x080011c0                DMA2_Stream7_IRQHandler
                0x080011c0                I2C3_EV_IRQHandler
                0x080011c0                EXTI9_5_IRQHandler
                0x080011c0                RTC_WKUP_IRQHandler
                0x080011c0                SPDIF_RX_IRQHandler
                0x080011c0                SPI2_IRQHandler
                0x080011c0                OTG_HS_EP1_IN_IRQHandler
                0x080011c0                DMA1_Stream0_IRQHandler
                0x080011c0                CAN1_TX_IRQHandler
                0x080011c0                FMPI2C1_ER_IRQHandler
                0x080011c0                EXTI4_IRQHandler
                0x080011c0                OTG_HS_EP1_OUT_IRQHandler
                0x080011c0                WWDG_IRQHandler
                0x080011c0                TIM2_IRQHandler
                0x080011c0                OTG_FS_WKUP_IRQHandler
                0x080011c0                TIM1_TRG_COM_TIM11_IRQHandler
                0x080011c0                OTG_HS_IRQHandler
                0x080011c0                EXTI1_IRQHandler
                0x080011c0                USART2_IRQHandler
                0x080011c0                I2C2_ER_IRQHandler
                0x080011c0                DMA2_Stream1_IRQHandler
                0x080011c0                CAN1_SCE_IRQHandler
                0x080011c0                FLASH_IRQHandler
                0x080011c0                DMA2_Stream4_IRQHandler
                0x080011c0                USART1_IRQHandler
                0x080011c0                OTG_FS_IRQHandler
                0x080011c0                SPI3_IRQHandler
                0x080011c0                DMA1_Stream4_IRQHandler
                0x080011c0                I2C1_ER_IRQHandler
                0x080011c0                FMC_IRQHandler
                0x080011c0                DMA2_Stream6_IRQHandler
                0x080011c0                SAI1_IRQHandler
                0x080011c0                DMA1_Stream3_IRQHandler
 *fill*         0x080011c2        0x2 
 .text.HAL_Init
                0x080011c4       0x44 ./Drivers/STM32F4xx_HAL_Driver/Src/stm32f4xx_hal.o
                0x080011c4                HAL_Init
 .text.HAL_InitTick
                0x08001208       0x60 ./Drivers/STM32F4xx_HAL_Driver/Src/stm32f4xx_hal.o
                0x08001208                HAL_InitTick
 .text.HAL_IncTick
                0x08001268       0x28 ./Drivers/STM32F4xx_HAL_Driver/Src/stm32f4xx_hal.o
                0x08001268                HAL_IncTick
 .text.HAL_GetTick
                0x08001290       0x18 ./Drivers/STM32F4xx_HAL_Driver/Src/stm32f4xx_hal.o
                0x08001290                HAL_GetTick
 .text.HAL_Delay
                0x080012a8       0x48 ./Drivers/STM32F4xx_HAL_Driver/Src/stm32f4xx_hal.o
                0x080012a8                HAL_Delay
 .text.__NVIC_SetPriorityGrouping
                0x080012f0       0x48 ./Drivers/STM32F4xx_HAL_Driver/Src/stm32f4xx_hal_cortex.o
 .text.__NVIC_GetPriorityGrouping
                0x08001338       0x1c ./Drivers/STM32F4xx_HAL_Driver/Src/stm32f4xx_hal_cortex.o
 .text.__NVIC_SetPriority
                0x08001354       0x54 ./Drivers/STM32F4xx_HAL_Driver/Src/stm32f4xx_hal_cortex.o
 .text.NVIC_EncodePriority
                0x080013a8       0x66 ./Drivers/STM32F4xx_HAL_Driver/Src/stm32f4xx_hal_cortex.o
 *fill*         0x0800140e        0x2 
 .text.SysTick_Config
                0x08001410       0x44 ./Drivers/STM32F4xx_HAL_Driver/Src/stm32f4xx_hal_cortex.o
 .text.HAL_NVIC_SetPriorityGrouping
                0x08001454       0x16 ./Drivers/STM32F4xx_HAL_Driver/Src/stm32f4xx_hal_cortex.o
                0x08001454                HAL_NVIC_SetPriorityGrouping
 .text.HAL_NVIC_SetPriority
                0x0800146a       0x38 ./Drivers/STM32F4xx_HAL_Driver/Src/stm32f4xx_hal_cortex.o
                0x0800146a                HAL_NVIC_SetPriority
 .text.HAL_SYSTICK_Config
                0x080014a2       0x18 ./Drivers/STM32F4xx_HAL_Driver/Src/stm32f4xx_hal_cortex.o
                0x080014a2                HAL_SYSTICK_Config
 *fill*         0x080014ba        0x2 
 .text.HAL_GPIO_Init
                0x080014bc      0x328 ./Drivers/STM32F4xx_HAL_Driver/Src/stm32f4xx_hal_gpio.o
                0x080014bc                HAL_GPIO_Init
 .text.HAL_GPIO_WritePin
                0x080017e4       0x32 ./Drivers/STM32F4xx_HAL_Driver/Src/stm32f4xx_hal_gpio.o
                0x080017e4                HAL_GPIO_WritePin
 *fill*         0x08001816        0x2 
 .text.HAL_RCC_ClockConfig
                0x08001818      0x1cc ./Drivers/STM32F4xx_HAL_Driver/Src/stm32f4xx_hal_rcc.o
                0x08001818                HAL_RCC_ClockConfig
 .text.HAL_RCC_GetSysClockFreq
                0x080019e4      0x460 ./Drivers/STM32F4xx_HAL_Driver/Src/stm32f4xx_hal_rcc_ex.o
                0x080019e4                HAL_RCC_GetSysClockFreq
 .text.HAL_RCC_OscConfig
                0x08001e44      0x53c ./Drivers/STM32F4xx_HAL_Driver/Src/stm32f4xx_hal_rcc_ex.o
                0x08001e44                HAL_RCC_OscConfig
 .text.HAL_SPI_Init
                0x08002380      0x112 ./Drivers/STM32F4xx_HAL_Driver/Src/stm32f4xx_hal_spi.o
                0x08002380                HAL_SPI_Init
 .text.HAL_SPI_TransmitReceive
                0x08002492      0x352 ./Drivers/STM32F4xx_HAL_Driver/Src/stm32f4xx_hal_spi.o
                0x08002492                HAL_SPI_TransmitReceive
 .text.SPI_WaitFlagStateUntilTimeout
                0x080027e4      0x110 ./Drivers/STM32F4xx_HAL_Driver/Src/stm32f4xx_hal_spi.o
 .text.SPI_EndRxTxTransaction
                0x080028f4       0xa8 ./Drivers/STM32F4xx_HAL_Driver/Src/stm32f4xx_hal_spi.o
 .text.memset   0x0800299c       0x10 C:/Users/c0519808/STM32CubeIDE_1.19.0/STM32CubeIDE/plugins/com.st.stm32cube.ide.mcu.externaltools.gnu-tools-for-stm32.13.3.rel1.win32_1.0.0.202411081344/tools/bin/../lib/gcc/arm-none-eabi/13.3.1/../../../../arm-none-eabi/lib/thumb/v7e-m+fp/hard\libc_nano.a(libc_a-memset.o)
                0x0800299c                memset
 .text.__libc_init_array
                0x080029ac       0x48 C:/Users/c0519808/STM32CubeIDE_1.19.0/STM32CubeIDE/plugins/com.st.stm32cube.ide.mcu.externaltools.gnu-tools-for-stm32.13.3.rel1.win32_1.0.0.202411081344/tools/bin/../lib/gcc/arm-none-eabi/13.3.1/../../../../arm-none-eabi/lib/thumb/v7e-m+fp/hard\libc_nano.a(libc_a-init.o)
                0x080029ac                __libc_init_array
 *(.glue_7)
 .glue_7        0x080029f4        0x0 linker stubs
 *(.glue_7t)
 .glue_7t       0x080029f4        0x0 linker stubs
 *(.eh_frame)
 .eh_frame      0x080029f4        0x0 C:/Users/c0519808/STM32CubeIDE_1.19.0/STM32CubeIDE/plugins/com.st.stm32cube.ide.mcu.externaltools.gnu-tools-for-stm32.13.3.rel1.win32_1.0.0.202411081344/tools/bin/../lib/gcc/arm-none-eabi/13.3.1/thumb/v7e-m+fp/hard/crtbegin.o
 *(.init)
 .init          0x080029f4        0x4 C:/Users/c0519808/STM32CubeIDE_1.19.0/STM32CubeIDE/plugins/com.st.stm32cube.ide.mcu.externaltools.gnu-tools-for-stm32.13.3.rel1.win32_1.0.0.202411081344/tools/bin/../lib/gcc/arm-none-eabi/13.3.1/thumb/v7e-m+fp/hard/crti.o
                0x080029f4                _init
 .init          0x080029f8        0x8 C:/Users/c0519808/STM32CubeIDE_1.19.0/STM32CubeIDE/plugins/com.st.stm32cube.ide.mcu.externaltools.gnu-tools-for-stm32.13.3.rel1.win32_1.0.0.202411081344/tools/bin/../lib/gcc/arm-none-eabi/13.3.1/thumb/v7e-m+fp/hard/crtn.o
 *(.fini)
 .fini          0x08002a00        0x4 C:/Users/c0519808/STM32CubeIDE_1.19.0/STM32CubeIDE/plugins/com.st.stm32cube.ide.mcu.externaltools.gnu-tools-for-stm32.13.3.rel1.win32_1.0.0.202411081344/tools/bin/../lib/gcc/arm-none-eabi/13.3.1/thumb/v7e-m+fp/hard/crti.o
                0x08002a00                _fini
 .fini          0x08002a04        0x8 C:/Users/c0519808/STM32CubeIDE_1.19.0/STM32CubeIDE/plugins/com.st.stm32cube.ide.mcu.externaltools.gnu-tools-for-stm32.13.3.rel1.win32_1.0.0.202411081344/tools/bin/../lib/gcc/arm-none-eabi/13.3.1/thumb/v7e-m+fp/hard/crtn.o
                0x08002a0c                        . = ALIGN (0x4)
                0x08002a0c                        _etext = .

.vfp11_veneer   0x08002a0c        0x0
 .vfp11_veneer  0x08002a0c        0x0 linker stubs

.v4_bx          0x08002a0c        0x0
 .v4_bx         0x08002a0c        0x0 linker stubs

.iplt           0x08002a0c        0x0
 .iplt          0x08002a0c        0x0 C:/Users/c0519808/STM32CubeIDE_1.19.0/STM32CubeIDE/plugins/com.st.stm32cube.ide.mcu.externaltools.gnu-tools-for-stm32.13.3.rel1.win32_1.0.0.202411081344/tools/bin/../lib/gcc/arm-none-eabi/13.3.1/thumb/v7e-m+fp/hard/crtbegin.o

.rodata         0x08002a0c     0x1058
                0x08002a0c                        . = ALIGN (0x4)
 *(.rodata)
 .rodata        0x08002a0c        0xb ./Core/Src/main.o
 *(.rodata*)
 *fill*         0x08002a17        0x1 
 .rodata.BM0_36x58_block
                0x08002a18      0x120 ./Core/Src/RDB_Depth_Digits36x58.o
                0x08002a18                BM0_36x58_block
 .rodata.BM1_36x58_block
                0x08002b38      0x120 ./Core/Src/RDB_Depth_Digits36x58.o
                0x08002b38                BM1_36x58_block
 .rodata.BM2_36x58_block
                0x08002c58      0x120 ./Core/Src/RDB_Depth_Digits36x58.o
                0x08002c58                BM2_36x58_block
 .rodata.BM3_36x58_block
                0x08002d78      0x120 ./Core/Src/RDB_Depth_Digits36x58.o
                0x08002d78                BM3_36x58_block
 .rodata.BM4_36x58_block
                0x08002e98      0x120 ./Core/Src/RDB_Depth_Digits36x58.o
                0x08002e98                BM4_36x58_block
 .rodata.BM5_36x58_block
                0x08002fb8      0x120 ./Core/Src/RDB_Depth_Digits36x58.o
                0x08002fb8                BM5_36x58_block
 .rodata.BM6_36x58_block
                0x080030d8      0x120 ./Core/Src/RDB_Depth_Digits36x58.o
                0x080030d8                BM6_36x58_block
 .rodata.BM7_36x58_block
                0x080031f8      0x120 ./Core/Src/RDB_Depth_Digits36x58.o
                0x080031f8                BM7_36x58_block
 .rodata.BM8_36x58_block
                0x08003318      0x120 ./Core/Src/RDB_Depth_Digits36x58.o
                0x08003318                BM8_36x58_block
 .rodata.BM9_36x58_block
                0x08003438      0x120 ./Core/Src/RDB_Depth_Digits36x58.o
                0x08003438                BM9_36x58_block
 .rodata.font   0x08003558      0x4fb ./Core/Src/glcdfont.o
                0x08003558                font
 *fill*         0x08003a53        0x1 
 .rodata.AHBPrescTable
                0x08003a54       0x10 ./Core/Src/system_stm32f4xx.o
                0x08003a54                AHBPrescTable
                0x08003a64                        . = ALIGN (0x4)

.ARM.extab      0x08003a64        0x0
                0x08003a64                        . = ALIGN (0x4)
 *(.ARM.extab* .gnu.linkonce.armextab.*)
                0x08003a64                        . = ALIGN (0x4)

.ARM            0x08003a64        0x8
                0x08003a64                        . = ALIGN (0x4)
                0x08003a64                        __exidx_start = .
 *(.ARM.exidx*)
 .ARM.exidx     0x08003a64        0x8 C:/Users/c0519808/STM32CubeIDE_1.19.0/STM32CubeIDE/plugins/com.st.stm32cube.ide.mcu.externaltools.gnu-tools-for-stm32.13.3.rel1.win32_1.0.0.202411081344/tools/bin/../lib/gcc/arm-none-eabi/13.3.1/thumb/v7e-m+fp/hard\libgcc.a(_udivmoddi4.o)
                0x08003a6c                        __exidx_end = .
                0x08003a6c                        . = ALIGN (0x4)

.preinit_array  0x08003a6c        0x0
                0x08003a6c                        . = ALIGN (0x4)
                0x08003a6c                        PROVIDE (__preinit_array_start = .)
 *(.preinit_array*)
                0x08003a6c                        PROVIDE (__preinit_array_end = .)
                0x08003a6c                        . = ALIGN (0x4)

.init_array     0x08003a6c        0x4
                0x08003a6c                        . = ALIGN (0x4)
                0x08003a6c                        PROVIDE (__init_array_start = .)
 *(SORT_BY_NAME(.init_array.*))
 *(.init_array*)
 .init_array    0x08003a6c        0x4 C:/Users/c0519808/STM32CubeIDE_1.19.0/STM32CubeIDE/plugins/com.st.stm32cube.ide.mcu.externaltools.gnu-tools-for-stm32.13.3.rel1.win32_1.0.0.202411081344/tools/bin/../lib/gcc/arm-none-eabi/13.3.1/thumb/v7e-m+fp/hard/crtbegin.o
                0x08003a70                        PROVIDE (__init_array_end = .)
                0x08003a70                        . = ALIGN (0x4)

.fini_array     0x08003a70        0x4
                0x08003a70                        . = ALIGN (0x4)
                [!provide]                        PROVIDE (__fini_array_start = .)
 *(SORT_BY_NAME(.fini_array.*))
 *(.fini_array*)
 .fini_array    0x08003a70        0x4 C:/Users/c0519808/STM32CubeIDE_1.19.0/STM32CubeIDE/plugins/com.st.stm32cube.ide.mcu.externaltools.gnu-tools-for-stm32.13.3.rel1.win32_1.0.0.202411081344/tools/bin/../lib/gcc/arm-none-eabi/13.3.1/thumb/v7e-m+fp/hard/crtbegin.o
                [!provide]                        PROVIDE (__fini_array_end = .)
                0x08003a74                        . = ALIGN (0x4)
                0x08003a74                        _sidata = LOADADDR (.data)

.rel.dyn        0x08003a74        0x0
 .rel.iplt      0x08003a74        0x0 C:/Users/c0519808/STM32CubeIDE_1.19.0/STM32CubeIDE/plugins/com.st.stm32cube.ide.mcu.externaltools.gnu-tools-for-stm32.13.3.rel1.win32_1.0.0.202411081344/tools/bin/../lib/gcc/arm-none-eabi/13.3.1/thumb/v7e-m+fp/hard/crtbegin.o

.data           0x20000000       0x34 load address 0x08003a74
                0x20000000                        . = ALIGN (0x4)
                0x20000000                        _sdata = .
 *(.data)
 *(.data*)
 .data.depthDigitArray
                0x20000000       0x28 ./Core/Src/RDB_Functions.o
                0x20000000                depthDigitArray
 .data.SystemCoreClock
                0x20000028        0x4 ./Core/Src/system_stm32f4xx.o
                0x20000028                SystemCoreClock
 .data.uwTickPrio
                0x2000002c        0x4 ./Drivers/STM32F4xx_HAL_Driver/Src/stm32f4xx_hal.o
                0x2000002c                uwTickPrio
 .data.uwTickFreq
                0x20000030        0x1 ./Drivers/STM32F4xx_HAL_Driver/Src/stm32f4xx_hal.o
                0x20000030                uwTickFreq
 *(.RamFunc)
 *(.RamFunc*)
                0x20000034                        . = ALIGN (0x4)
 *fill*         0x20000031        0x3 
                0x20000034                        _edata = .

.igot.plt       0x20000034        0x0 load address 0x08003aa8
 .igot.plt      0x20000034        0x0 C:/Users/c0519808/STM32CubeIDE_1.19.0/STM32CubeIDE/plugins/com.st.stm32cube.ide.mcu.externaltools.gnu-tools-for-stm32.13.3.rel1.win32_1.0.0.202411081344/tools/bin/../lib/gcc/arm-none-eabi/13.3.1/thumb/v7e-m+fp/hard/crtbegin.o
                0x20000034                        . = ALIGN (0x4)

.bss            0x20000034      0x4d8 load address 0x08003aa8
                0x20000034                        _sbss = .
                0x20000034                        __bss_start__ = _sbss
 *(.bss)
 .bss           0x20000034       0x1c C:/Users/c0519808/STM32CubeIDE_1.19.0/STM32CubeIDE/plugins/com.st.stm32cube.ide.mcu.externaltools.gnu-tools-for-stm32.13.3.rel1.win32_1.0.0.202411081344/tools/bin/../lib/gcc/arm-none-eabi/13.3.1/thumb/v7e-m+fp/hard/crtbegin.o
 *(.bss*)
 .bss.st7565_buffer
                0x20000050      0x400 ./Core/Src/ST7565.o
                0x20000050                st7565_buffer
 .bss.xUpdateMin
                0x20000450        0x1 ./Core/Src/ST7565.o
 .bss.xUpdateMax
                0x20000451        0x1 ./Core/Src/ST7565.o
 .bss.yUpdateMin
                0x20000452        0x1 ./Core/Src/ST7565.o
 .bss.yUpdateMax
                0x20000453        0x1 ./Core/Src/ST7565.o
 .bss.hspi1     0x20000454       0x58 ./Core/Src/main.o
                0x20000454                hspi1
 .bss.hspi3     0x200004ac       0x58 ./Core/Src/main.o
                0x200004ac                hspi3
 .bss.count     0x20000504        0x4 ./Core/Src/main.o
                0x20000504                count
 .bss.uwTick    0x20000508        0x4 ./Drivers/STM32F4xx_HAL_Driver/Src/stm32f4xx_hal.o
                0x20000508                uwTick
 *(COMMON)
                0x2000050c                        . = ALIGN (0x4)
                0x2000050c                        _ebss = .
                0x2000050c                        __bss_end__ = _ebss

._user_heap_stack
                0x2000050c      0x604 load address 0x08003aa8
                0x20000510                        . = ALIGN (0x8)
 *fill*         0x2000050c        0x4 
                [!provide]                        PROVIDE (end = .)
                0x20000510                        PROVIDE (_end = .)
                0x20000710                        . = (. + _Min_Heap_Size)
 *fill*         0x20000510      0x200 
                0x20000b10                        . = (. + _Min_Stack_Size)
 *fill*         0x20000710      0x400 
                0x20000b10                        . = ALIGN (0x8)

/DISCARD/
 libc.a(*)
 libm.a(*)
 libgcc.a(*)

.ARM.attributes
                0x00000000       0x30
 *(.ARM.attributes)
 .ARM.attributes
                0x00000000       0x22 C:/Users/c0519808/STM32CubeIDE_1.19.0/STM32CubeIDE/plugins/com.st.stm32cube.ide.mcu.externaltools.gnu-tools-for-stm32.13.3.rel1.win32_1.0.0.202411081344/tools/bin/../lib/gcc/arm-none-eabi/13.3.1/thumb/v7e-m+fp/hard/crti.o
 .ARM.attributes
                0x00000022       0x34 C:/Users/c0519808/STM32CubeIDE_1.19.0/STM32CubeIDE/plugins/com.st.stm32cube.ide.mcu.externaltools.gnu-tools-for-stm32.13.3.rel1.win32_1.0.0.202411081344/tools/bin/../lib/gcc/arm-none-eabi/13.3.1/thumb/v7e-m+fp/hard/crtbegin.o
 .ARM.attributes
                0x00000056       0x34 ./Core/Src/RDB_Depth_Digits36x58.o
 .ARM.attributes
                0x0000008a       0x34 ./Core/Src/RDB_Functions.o
 .ARM.attributes
                0x000000be       0x34 ./Core/Src/ST7565.o
 .ARM.attributes
                0x000000f2       0x34 ./Core/Src/glcdfont.o
 .ARM.attributes
                0x00000126       0x34 ./Core/Src/main.o
 .ARM.attributes
                0x0000015a       0x34 ./Core/Src/stm32f4xx_hal_msp.o
 .ARM.attributes
                0x0000018e       0x34 ./Core/Src/stm32f4xx_it.o
 .ARM.attributes
                0x000001c2       0x34 ./Core/Src/system_stm32f4xx.o
 .ARM.attributes
                0x000001f6       0x21 ./Core/Startup/startup_stm32f446retx.o
 .ARM.attributes
                0x00000217       0x34 ./Drivers/STM32F4xx_HAL_Driver/Src/stm32f4xx_hal.o
 .ARM.attributes
                0x0000024b       0x34 ./Drivers/STM32F4xx_HAL_Driver/Src/stm32f4xx_hal_cortex.o
 .ARM.attributes
                0x0000027f       0x34 ./Drivers/STM32F4xx_HAL_Driver/Src/stm32f4xx_hal_gpio.o
 .ARM.attributes
                0x000002b3       0x34 ./Drivers/STM32F4xx_HAL_Driver/Src/stm32f4xx_hal_rcc.o
 .ARM.attributes
                0x000002e7       0x34 ./Drivers/STM32F4xx_HAL_Driver/Src/stm32f4xx_hal_rcc_ex.o
 .ARM.attributes
                0x0000031b       0x34 ./Drivers/STM32F4xx_HAL_Driver/Src/stm32f4xx_hal_spi.o
 .ARM.attributes
                0x0000034f       0x34 C:/Users/c0519808/STM32CubeIDE_1.19.0/STM32CubeIDE/plugins/com.st.stm32cube.ide.mcu.externaltools.gnu-tools-for-stm32.13.3.rel1.win32_1.0.0.202411081344/tools/bin/../lib/gcc/arm-none-eabi/13.3.1/../../../../arm-none-eabi/lib/thumb/v7e-m+fp/hard\libc_nano.a(libc_a-memset.o)
 .ARM.attributes
                0x00000383       0x34 C:/Users/c0519808/STM32CubeIDE_1.19.0/STM32CubeIDE/plugins/com.st.stm32cube.ide.mcu.externaltools.gnu-tools-for-stm32.13.3.rel1.win32_1.0.0.202411081344/tools/bin/../lib/gcc/arm-none-eabi/13.3.1/../../../../arm-none-eabi/lib/thumb/v7e-m+fp/hard\libc_nano.a(libc_a-init.o)
 .ARM.attributes
                0x000003b7       0x22 C:/Users/c0519808/STM32CubeIDE_1.19.0/STM32CubeIDE/plugins/com.st.stm32cube.ide.mcu.externaltools.gnu-tools-for-stm32.13.3.rel1.win32_1.0.0.202411081344/tools/bin/../lib/gcc/arm-none-eabi/13.3.1/thumb/v7e-m+fp/hard\libgcc.a(_aeabi_uldivmod.o)
 .ARM.attributes
                0x000003d9       0x34 C:/Users/c0519808/STM32CubeIDE_1.19.0/STM32CubeIDE/plugins/com.st.stm32cube.ide.mcu.externaltools.gnu-tools-for-stm32.13.3.rel1.win32_1.0.0.202411081344/tools/bin/../lib/gcc/arm-none-eabi/13.3.1/thumb/v7e-m+fp/hard\libgcc.a(_udivmoddi4.o)
 .ARM.attributes
                0x0000040d       0x22 C:/Users/c0519808/STM32CubeIDE_1.19.0/STM32CubeIDE/plugins/com.st.stm32cube.ide.mcu.externaltools.gnu-tools-for-stm32.13.3.rel1.win32_1.0.0.202411081344/tools/bin/../lib/gcc/arm-none-eabi/13.3.1/thumb/v7e-m+fp/hard\libgcc.a(_dvmd_tls.o)
 .ARM.attributes
                0x0000042f       0x22 C:/Users/c0519808/STM32CubeIDE_1.19.0/STM32CubeIDE/plugins/com.st.stm32cube.ide.mcu.externaltools.gnu-tools-for-stm32.13.3.rel1.win32_1.0.0.202411081344/tools/bin/../lib/gcc/arm-none-eabi/13.3.1/thumb/v7e-m+fp/hard/crtn.o
OUTPUT(RDB_STP7565_LCD.elf elf32-littlearm)
LOAD linker stubs
LOAD C:/Users/c0519808/STM32CubeIDE_1.19.0/STM32CubeIDE/plugins/com.st.stm32cube.ide.mcu.externaltools.gnu-tools-for-stm32.13.3.rel1.win32_1.0.0.202411081344/tools/bin/../lib/gcc/arm-none-eabi/13.3.1/../../../../arm-none-eabi/lib/thumb/v7e-m+fp/hard\libc.a
LOAD C:/Users/c0519808/STM32CubeIDE_1.19.0/STM32CubeIDE/plugins/com.st.stm32cube.ide.mcu.externaltools.gnu-tools-for-stm32.13.3.rel1.win32_1.0.0.202411081344/tools/bin/../lib/gcc/arm-none-eabi/13.3.1/../../../../arm-none-eabi/lib/thumb/v7e-m+fp/hard\libm.a
LOAD C:/Users/c0519808/STM32CubeIDE_1.19.0/STM32CubeIDE/plugins/com.st.stm32cube.ide.mcu.externaltools.gnu-tools-for-stm32.13.3.rel1.win32_1.0.0.202411081344/tools/bin/../lib/gcc/arm-none-eabi/13.3.1/thumb/v7e-m+fp/hard\libgcc.a

.debug_info     0x00000000     0x7932
 .debug_info    0x00000000      0x18f ./Core/Src/RDB_Depth_Digits36x58.o
 .debug_info    0x0000018f      0x251 ./Core/Src/RDB_Functions.o
 .debug_info    0x000003e0     0x1125 ./Core/Src/ST7565.o
 .debug_info    0x00001505       0xb5 ./Core/Src/glcdfont.o
 .debug_info    0x000015ba      0xd69 ./Core/Src/main.o
 .debug_info    0x00002323      0x9b0 ./Core/Src/stm32f4xx_hal_msp.o
 .debug_info    0x00002cd3      0x112 ./Core/Src/stm32f4xx_it.o
 .debug_info    0x00002de5      0x54a ./Core/Src/system_stm32f4xx.o
 .debug_info    0x0000332f       0x30 ./Core/Startup/startup_stm32f446retx.o
 .debug_info    0x0000335f      0x99a ./Drivers/STM32F4xx_HAL_Driver/Src/stm32f4xx_hal.o
 .debug_info    0x00003cf9      0xdaa ./Drivers/STM32F4xx_HAL_Driver/Src/stm32f4xx_hal_cortex.o
 .debug_info    0x00004aa3      0x70b ./Drivers/STM32F4xx_HAL_Driver/Src/stm32f4xx_hal_gpio.o
 .debug_info    0x000051ae      0x8ff ./Drivers/STM32F4xx_HAL_Driver/Src/stm32f4xx_hal_rcc.o
 .debug_info    0x00005aad      0x960 ./Drivers/STM32F4xx_HAL_Driver/Src/stm32f4xx_hal_rcc_ex.o
 .debug_info    0x0000640d     0x1525 ./Drivers/STM32F4xx_HAL_Driver/Src/stm32f4xx_hal_spi.o

.debug_abbrev   0x00000000     0x197e
 .debug_abbrev  0x00000000       0x6c ./Core/Src/RDB_Depth_Digits36x58.o
 .debug_abbrev  0x0000006c      0x130 ./Core/Src/RDB_Functions.o
 .debug_abbrev  0x0000019c      0x2fe ./Core/Src/ST7565.o
 .debug_abbrev  0x0000049a       0x63 ./Core/Src/glcdfont.o
 .debug_abbrev  0x000004fd      0x2c6 ./Core/Src/main.o
 .debug_abbrev  0x000007c3      0x1c3 ./Core/Src/stm32f4xx_hal_msp.o
 .debug_abbrev  0x00000986       0x73 ./Core/Src/stm32f4xx_it.o
 .debug_abbrev  0x000009f9      0x11a ./Core/Src/system_stm32f4xx.o
 .debug_abbrev  0x00000b13       0x24 ./Core/Startup/startup_stm32f446retx.o
 .debug_abbrev  0x00000b37      0x214 ./Drivers/STM32F4xx_HAL_Driver/Src/stm32f4xx_hal.o
 .debug_abbrev  0x00000d4b      0x31d ./Drivers/STM32F4xx_HAL_Driver/Src/stm32f4xx_hal_cortex.o
 .debug_abbrev  0x00001068      0x1d4 ./Drivers/STM32F4xx_HAL_Driver/Src/stm32f4xx_hal_gpio.o
 .debug_abbrev  0x0000123c      0x2b7 ./Drivers/STM32F4xx_HAL_Driver/Src/stm32f4xx_hal_rcc.o
 .debug_abbrev  0x000014f3      0x211 ./Drivers/STM32F4xx_HAL_Driver/Src/stm32f4xx_hal_rcc_ex.o
 .debug_abbrev  0x00001704      0x27a ./Drivers/STM32F4xx_HAL_Driver/Src/stm32f4xx_hal_spi.o

.debug_aranges  0x00000000      0x778
 .debug_aranges
                0x00000000       0x18 ./Core/Src/RDB_Depth_Digits36x58.o
 .debug_aranges
                0x00000018       0x28 ./Core/Src/RDB_Functions.o
 .debug_aranges
                0x00000040       0xb0 ./Core/Src/ST7565.o
 .debug_aranges
                0x000000f0       0x18 ./Core/Src/glcdfont.o
 .debug_aranges
                0x00000108       0x48 ./Core/Src/main.o
 .debug_aranges
                0x00000150       0x30 ./Core/Src/stm32f4xx_hal_msp.o
 .debug_aranges
                0x00000180       0x60 ./Core/Src/stm32f4xx_it.o
 .debug_aranges
                0x000001e0       0x28 ./Core/Src/system_stm32f4xx.o
 .debug_aranges
                0x00000208       0x28 ./Core/Startup/startup_stm32f446retx.o
 .debug_aranges
                0x00000230       0xf0 ./Drivers/STM32F4xx_HAL_Driver/Src/stm32f4xx_hal.o
 .debug_aranges
                0x00000320      0x130 ./Drivers/STM32F4xx_HAL_Driver/Src/stm32f4xx_hal_cortex.o
 .debug_aranges
                0x00000450       0x58 ./Drivers/STM32F4xx_HAL_Driver/Src/stm32f4xx_hal_gpio.o
 .debug_aranges
                0x000004a8       0x88 ./Drivers/STM32F4xx_HAL_Driver/Src/stm32f4xx_hal_rcc.o
 .debug_aranges
                0x00000530       0x78 ./Drivers/STM32F4xx_HAL_Driver/Src/stm32f4xx_hal_rcc_ex.o
 .debug_aranges
                0x000005a8      0x1d0 ./Drivers/STM32F4xx_HAL_Driver/Src/stm32f4xx_hal_spi.o

.debug_macro    0x00000000    0x21712
 .debug_macro   0x00000000       0x1b ./Core/Src/RDB_Depth_Digits36x58.o
 .debug_macro   0x0000001b      0xad8 ./Core/Src/RDB_Depth_Digits36x58.o
 .debug_macro   0x00000af3      0x2b7 ./Core/Src/RDB_Functions.o
 .debug_macro   0x00000daa       0x22 ./Core/Src/RDB_Functions.o
 .debug_macro   0x00000dcc       0x8e ./Core/Src/RDB_Functions.o
 .debug_macro   0x00000e5a       0x51 ./Core/Src/RDB_Functions.o
 .debug_macro   0x00000eab      0x103 ./Core/Src/RDB_Functions.o
 .debug_macro   0x00000fae       0x6a ./Core/Src/RDB_Functions.o
 .debug_macro   0x00001018      0x1df ./Core/Src/RDB_Functions.o
 .debug_macro   0x000011f7      0x295 ./Core/Src/RDB_Functions.o
 .debug_macro   0x0000148c       0x2e ./Core/Src/RDB_Functions.o
 .debug_macro   0x000014ba       0x28 ./Core/Src/RDB_Functions.o
 .debug_macro   0x000014e2       0x1c ./Core/Src/RDB_Functions.o
 .debug_macro   0x000014fe       0x22 ./Core/Src/RDB_Functions.o
 .debug_macro   0x00001520       0xfb ./Core/Src/RDB_Functions.o
 .debug_macro   0x0000161b     0x1011 ./Core/Src/RDB_Functions.o
 .debug_macro   0x0000262c      0x11f ./Core/Src/RDB_Functions.o
 .debug_macro   0x0000274b    0x1675e ./Core/Src/RDB_Functions.o
 .debug_macro   0x00018ea9       0x6d ./Core/Src/RDB_Functions.o
 .debug_macro   0x00018f16     0x3693 ./Core/Src/RDB_Functions.o
 .debug_macro   0x0001c5a9      0x190 ./Core/Src/RDB_Functions.o
 .debug_macro   0x0001c739       0x5c ./Core/Src/RDB_Functions.o
 .debug_macro   0x0001c795      0xca5 ./Core/Src/RDB_Functions.o
 .debug_macro   0x0001d43a      0x9e9 ./Core/Src/RDB_Functions.o
 .debug_macro   0x0001de23      0x115 ./Core/Src/RDB_Functions.o
 .debug_macro   0x0001df38      0x1a0 ./Core/Src/RDB_Functions.o
 .debug_macro   0x0001e0d8       0xa5 ./Core/Src/RDB_Functions.o
 .debug_macro   0x0001e17d      0x16d ./Core/Src/RDB_Functions.o
 .debug_macro   0x0001e2ea      0x287 ./Core/Src/RDB_Functions.o
 .debug_macro   0x0001e571       0x5f ./Core/Src/RDB_Functions.o
 .debug_macro   0x0001e5d0      0x236 ./Core/Src/RDB_Functions.o
 .debug_macro   0x0001e806      0x132 ./Core/Src/RDB_Functions.o
 .debug_macro   0x0001e938      0x29c ./Core/Src/RDB_Functions.o
 .debug_macro   0x0001ebd4       0x2e ./Core/Src/RDB_Functions.o
 .debug_macro   0x0001ec02      0x127 ./Core/Src/RDB_Functions.o
 .debug_macro   0x0001ed29       0xe8 ./Core/Src/RDB_Functions.o
 .debug_macro   0x0001ee11       0x89 ./Core/Src/RDB_Functions.o
 .debug_macro   0x0001ee9a      0x225 ./Core/Src/RDB_Functions.o
 .debug_macro   0x0001f0bf      0x126 ./Core/Src/RDB_Functions.o
 .debug_macro   0x0001f1e5       0xe8 ./Core/Src/RDB_Functions.o
 .debug_macro   0x0001f2cd       0x94 ./Core/Src/RDB_Functions.o
 .debug_macro   0x0001f361       0x61 ./Core/Src/RDB_Functions.o
 .debug_macro   0x0001f3c2       0x2a ./Core/Src/RDB_Functions.o
 .debug_macro   0x0001f3ec       0x43 ./Core/Src/RDB_Functions.o
 .debug_macro   0x0001f42f       0x34 ./Core/Src/RDB_Functions.o
 .debug_macro   0x0001f463      0x370 ./Core/Src/RDB_Functions.o
 .debug_macro   0x0001f7d3       0x16 ./Core/Src/RDB_Functions.o
 .debug_macro   0x0001f7e9       0x4a ./Core/Src/RDB_Functions.o
 .debug_macro   0x0001f833       0x34 ./Core/Src/RDB_Functions.o
 .debug_macro   0x0001f867       0x10 ./Core/Src/RDB_Functions.o
 .debug_macro   0x0001f877       0x58 ./Core/Src/RDB_Functions.o
 .debug_macro   0x0001f8cf       0x8e ./Core/Src/RDB_Functions.o
 .debug_macro   0x0001f95d       0x1c ./Core/Src/RDB_Functions.o
 .debug_macro   0x0001f979      0x185 ./Core/Src/RDB_Functions.o
 .debug_macro   0x0001fafe       0x10 ./Core/Src/RDB_Functions.o
 .debug_macro   0x0001fb0e       0x3c ./Core/Src/RDB_Functions.o
 .debug_macro   0x0001fb4a       0x20 ./Core/Src/RDB_Functions.o
 .debug_macro   0x0001fb6a      0x2db ./Core/Src/ST7565.o
 .debug_macro   0x0001fe45       0x5b ./Core/Src/ST7565.o
 .debug_macro   0x0001fea0       0x94 ./Core/Src/ST7565.o
 .debug_macro   0x0001ff34       0x16 ./Core/Src/ST7565.o
 .debug_macro   0x0001ff4a      0x11c ./Core/Src/ST7565.o
 .debug_macro   0x00020066       0x9b ./Core/Src/ST7565.o
 .debug_macro   0x00020101       0x57 ./Core/Src/ST7565.o
 .debug_macro   0x00020158       0x16 ./Core/Src/ST7565.o
 .debug_macro   0x0002016e       0x29 ./Core/Src/ST7565.o
 .debug_macro   0x00020197       0x56 ./Core/Src/ST7565.o
 .debug_macro   0x000201ed       0x16 ./Core/Src/ST7565.o
 .debug_macro   0x00020203      0x1df ./Core/Src/glcdfont.o
 .debug_macro   0x000203e2      0x2cb ./Core/Src/main.o
 .debug_macro   0x000206ad      0x1d6 ./Core/Src/stm32f4xx_hal_msp.o
 .debug_macro   0x00020883      0x1e0 ./Core/Src/stm32f4xx_it.o
 .debug_macro   0x00020a63      0x1ba ./Core/Src/system_stm32f4xx.o
 .debug_macro   0x00020c1d      0x21a ./Drivers/STM32F4xx_HAL_Driver/Src/stm32f4xx_hal.o
 .debug_macro   0x00020e37      0x1ba ./Drivers/STM32F4xx_HAL_Driver/Src/stm32f4xx_hal_cortex.o
 .debug_macro   0x00020ff1      0x1c0 ./Drivers/STM32F4xx_HAL_Driver/Src/stm32f4xx_hal_gpio.o
 .debug_macro   0x000211b1      0x1de ./Drivers/STM32F4xx_HAL_Driver/Src/stm32f4xx_hal_rcc.o
 .debug_macro   0x0002138f      0x1ba ./Drivers/STM32F4xx_HAL_Driver/Src/stm32f4xx_hal_rcc_ex.o
 .debug_macro   0x00021549      0x1c9 ./Drivers/STM32F4xx_HAL_Driver/Src/stm32f4xx_hal_spi.o

.debug_line     0x00000000     0xa534
 .debug_line    0x00000000       0x6c ./Core/Src/RDB_Depth_Digits36x58.o
 .debug_line    0x0000006c      0xa04 ./Core/Src/RDB_Functions.o
 .debug_line    0x00000a70      0xf4c ./Core/Src/ST7565.o
 .debug_line    0x000019bc      0x6ff ./Core/Src/glcdfont.o
 .debug_line    0x000020bb      0xb3a ./Core/Src/main.o
 .debug_line    0x00002bf5      0x7b2 ./Core/Src/stm32f4xx_hal_msp.o
 .debug_line    0x000033a7      0x7cf ./Core/Src/stm32f4xx_it.o
 .debug_line    0x00003b76      0x78a ./Core/Src/system_stm32f4xx.o
 .debug_line    0x00004300       0x7a ./Core/Startup/startup_stm32f446retx.o
 .debug_line    0x0000437a      0xa06 ./Drivers/STM32F4xx_HAL_Driver/Src/stm32f4xx_hal.o
 .debug_line    0x00004d80      0xcd6 ./Drivers/STM32F4xx_HAL_Driver/Src/stm32f4xx_hal_cortex.o
 .debug_line    0x00005a56      0xb4a ./Drivers/STM32F4xx_HAL_Driver/Src/stm32f4xx_hal_gpio.o
 .debug_line    0x000065a0      0xe21 ./Drivers/STM32F4xx_HAL_Driver/Src/stm32f4xx_hal_rcc.o
 .debug_line    0x000073c1     0x14d2 ./Drivers/STM32F4xx_HAL_Driver/Src/stm32f4xx_hal_rcc_ex.o
 .debug_line    0x00008893     0x1ca1 ./Drivers/STM32F4xx_HAL_Driver/Src/stm32f4xx_hal_spi.o

.debug_str      0x00000000    0xc7a75
 .debug_str     0x00000000    0xc7a75 ./Core/Src/RDB_Depth_Digits36x58.o
                               0x2f47 (size before relaxing)
 .debug_str     0x000c7a75    0xc5502 ./Core/Src/RDB_Functions.o
 .debug_str     0x000c7a75    0xc5d30 ./Core/Src/ST7565.o
 .debug_str     0x000c7a75    0xc21a7 ./Core/Src/glcdfont.o
 .debug_str     0x000c7a75    0xc5c5f ./Core/Src/main.o
 .debug_str     0x000c7a75    0xc27f9 ./Core/Src/stm32f4xx_hal_msp.o
 .debug_str     0x000c7a75    0xc2242 ./Core/Src/stm32f4xx_it.o
 .debug_str     0x000c7a75    0xc1e7b ./Core/Src/system_stm32f4xx.o
 .debug_str     0x000c7a75       0x61 ./Core/Startup/startup_stm32f446retx.o
 .debug_str     0x000c7a75    0xc2a40 ./Drivers/STM32F4xx_HAL_Driver/Src/stm32f4xx_hal.o
 .debug_str     0x000c7a75    0xc2797 ./Drivers/STM32F4xx_HAL_Driver/Src/stm32f4xx_hal_cortex.o
 .debug_str     0x000c7a75    0xc1ff6 ./Drivers/STM32F4xx_HAL_Driver/Src/stm32f4xx_hal_gpio.o
 .debug_str     0x000c7a75    0xc22b4 ./Drivers/STM32F4xx_HAL_Driver/Src/stm32f4xx_hal_rcc.o
 .debug_str     0x000c7a75    0xc22e7 ./Drivers/STM32F4xx_HAL_Driver/Src/stm32f4xx_hal_rcc_ex.o
 .debug_str     0x000c7a75    0xc2714 ./Drivers/STM32F4xx_HAL_Driver/Src/stm32f4xx_hal_spi.o

.comment        0x00000000       0x43
 .comment       0x00000000       0x43 ./Core/Src/RDB_Depth_Digits36x58.o
                                 0x44 (size before relaxing)
 .comment       0x00000043       0x44 ./Core/Src/RDB_Functions.o
 .comment       0x00000043       0x44 ./Core/Src/ST7565.o
 .comment       0x00000043       0x44 ./Core/Src/glcdfont.o
 .comment       0x00000043       0x44 ./Core/Src/main.o
 .comment       0x00000043       0x44 ./Core/Src/stm32f4xx_hal_msp.o
 .comment       0x00000043       0x44 ./Core/Src/stm32f4xx_it.o
 .comment       0x00000043       0x44 ./Core/Src/system_stm32f4xx.o
 .comment       0x00000043       0x44 ./Drivers/STM32F4xx_HAL_Driver/Src/stm32f4xx_hal.o
 .comment       0x00000043       0x44 ./Drivers/STM32F4xx_HAL_Driver/Src/stm32f4xx_hal_cortex.o
 .comment       0x00000043       0x44 ./Drivers/STM32F4xx_HAL_Driver/Src/stm32f4xx_hal_gpio.o
 .comment       0x00000043       0x44 ./Drivers/STM32F4xx_HAL_Driver/Src/stm32f4xx_hal_rcc.o
 .comment       0x00000043       0x44 ./Drivers/STM32F4xx_HAL_Driver/Src/stm32f4xx_hal_rcc_ex.o
 .comment       0x00000043       0x44 ./Drivers/STM32F4xx_HAL_Driver/Src/stm32f4xx_hal_spi.o

.debug_rnglists
                0x00000000      0x56e
 .debug_rnglists
                0x00000000       0x1b ./Core/Src/RDB_Functions.o
 .debug_rnglists
                0x0000001b       0x88 ./Core/Src/ST7565.o
 .debug_rnglists
                0x000000a3       0x34 ./Core/Src/main.o
 .debug_rnglists
                0x000000d7       0x20 ./Core/Src/stm32f4xx_hal_msp.o
 .debug_rnglists
                0x000000f7       0x43 ./Core/Src/stm32f4xx_it.o
 .debug_rnglists
                0x0000013a       0x1a ./Core/Src/system_stm32f4xx.o
 .debug_rnglists
                0x00000154       0x19 ./Core/Startup/startup_stm32f446retx.o
 .debug_rnglists
                0x0000016d       0xaf ./Drivers/STM32F4xx_HAL_Driver/Src/stm32f4xx_hal.o
 .debug_rnglists
                0x0000021c       0xe0 ./Drivers/STM32F4xx_HAL_Driver/Src/stm32f4xx_hal_cortex.o
 .debug_rnglists
                0x000002fc       0x3f ./Drivers/STM32F4xx_HAL_Driver/Src/stm32f4xx_hal_gpio.o
 .debug_rnglists
                0x0000033b       0x66 ./Drivers/STM32F4xx_HAL_Driver/Src/stm32f4xx_hal_rcc.o
 .debug_rnglists
                0x000003a1       0x5e ./Drivers/STM32F4xx_HAL_Driver/Src/stm32f4xx_hal_rcc_ex.o
 .debug_rnglists
                0x000003ff      0x16f ./Drivers/STM32F4xx_HAL_Driver/Src/stm32f4xx_hal_spi.o

.debug_frame    0x00000000     0x1c48
 .debug_frame   0x00000000       0x60 ./Core/Src/RDB_Functions.o
 .debug_frame   0x00000060      0x2d4 ./Core/Src/ST7565.o
 .debug_frame   0x00000334       0xc4 ./Core/Src/main.o
 .debug_frame   0x000003f8       0x7c ./Core/Src/stm32f4xx_hal_msp.o
 .debug_frame   0x00000474      0x104 ./Core/Src/stm32f4xx_it.o
 .debug_frame   0x00000578       0x58 ./Core/Src/system_stm32f4xx.o
 .debug_frame   0x000005d0      0x374 ./Drivers/STM32F4xx_HAL_Driver/Src/stm32f4xx_hal.o
 .debug_frame   0x00000944      0x508 ./Drivers/STM32F4xx_HAL_Driver/Src/stm32f4xx_hal_cortex.o
 .debug_frame   0x00000e4c      0x14c ./Drivers/STM32F4xx_HAL_Driver/Src/stm32f4xx_hal_gpio.o
 .debug_frame   0x00000f98      0x1f4 ./Drivers/STM32F4xx_HAL_Driver/Src/stm32f4xx_hal_rcc.o
 .debug_frame   0x0000118c      0x1e8 ./Drivers/STM32F4xx_HAL_Driver/Src/stm32f4xx_hal_rcc_ex.o
 .debug_frame   0x00001374      0x828 ./Drivers/STM32F4xx_HAL_Driver/Src/stm32f4xx_hal_spi.o
 .debug_frame   0x00001b9c       0x20 C:/Users/c0519808/STM32CubeIDE_1.19.0/STM32CubeIDE/plugins/com.st.stm32cube.ide.mcu.externaltools.gnu-tools-for-stm32.13.3.rel1.win32_1.0.0.202411081344/tools/bin/../lib/gcc/arm-none-eabi/13.3.1/../../../../arm-none-eabi/lib/thumb/v7e-m+fp/hard\libc_nano.a(libc_a-memset.o)
 .debug_frame   0x00001bbc       0x2c C:/Users/c0519808/STM32CubeIDE_1.19.0/STM32CubeIDE/plugins/com.st.stm32cube.ide.mcu.externaltools.gnu-tools-for-stm32.13.3.rel1.win32_1.0.0.202411081344/tools/bin/../lib/gcc/arm-none-eabi/13.3.1/../../../../arm-none-eabi/lib/thumb/v7e-m+fp/hard\libc_nano.a(libc_a-init.o)
 .debug_frame   0x00001be8       0x2c C:/Users/c0519808/STM32CubeIDE_1.19.0/STM32CubeIDE/plugins/com.st.stm32cube.ide.mcu.externaltools.gnu-tools-for-stm32.13.3.rel1.win32_1.0.0.202411081344/tools/bin/../lib/gcc/arm-none-eabi/13.3.1/thumb/v7e-m+fp/hard\libgcc.a(_aeabi_uldivmod.o)
 .debug_frame   0x00001c14       0x34 C:/Users/c0519808/STM32CubeIDE_1.19.0/STM32CubeIDE/plugins/com.st.stm32cube.ide.mcu.externaltools.gnu-tools-for-stm32.13.3.rel1.win32_1.0.0.202411081344/tools/bin/../lib/gcc/arm-none-eabi/13.3.1/thumb/v7e-m+fp/hard\libgcc.a(_udivmoddi4.o)

.debug_line_str
                0x00000000       0x45
 .debug_line_str
                0x00000000       0x45 ./Core/Startup/startup_stm32f446retx.o
