../Core/Src/ST7565.c:53:13:ST7565_updateBoundingBox	16	static
../Core/Src/ST7565.c:65:6:ST7565_drawbitmapNew	32	static
../Core/Src/ST7565.c:80:6:ST7565_drawstring	16	static
../Core/Src/ST7565.c:97:7:ST7565_drawchar	24	static
../Core/Src/ST7565.c:108:6:ST7565_drawstring_anywhere	24	static
../Core/Src/ST7565.c:119:6:ST7565_drawchar_anywhere	24	static
../Core/Src/ST7565.c:141:6:ST7565_drawline	40	static
../Core/Src/ST7565.c:179:6:ST7565_fillrect	32	static
../Core/Src/ST7565.c:194:6:ST7565_drawrect	32	static
../Core/Src/ST7565.c:211:6:ST7565_drawcircle	32	static
../Core/Src/ST7565.c:249:6:ST7565_fillcircle	32	static
../Core/Src/ST7565.c:287:6:updateDisplay	16	static
../Core/Src/ST7565.c:307:6:ST7565_setpixel	24	static
../Core/Src/ST7565.c:321:6:ST7565_init	8	static
../Core/Src/ST7565.c:380:9:ST7565_command	32	static
../Core/Src/ST7565.c:392:9:ST7565_data	32	static
../Core/Src/ST7565.c:403:6:ST7565_set_brightness	16	static
../Core/Src/ST7565.c:409:6:ST7565_clear	16	static
../Core/Src/ST7565.c:429:6:pin_config	48	static
